#
# There is insufficient memory for the Java Runtime Environment to continue.
# Native memory allocation (malloc) failed to allocate 940176 bytes. Error detail: Chunk::new
# Possible reasons:
#   The system is out of physical RAM or swap space
#   This process is running with CompressedOops enabled, and the Java Heap may be blocking the growth of the native heap
# Possible solutions:
#   Reduce memory load on the system
#   Increase physical memory or swap space
#   Check if swap backing store is full
#   Decrease Java heap size (-Xmx/-Xms)
#   Decrease number of Java threads
#   Decrease Java thread stack sizes (-Xss)
#   Set larger code cache with -XX:ReservedCodeCacheSize=
#   JVM is running with Zero Based Compressed Oops mode in which the Java heap is
#     placed in the first 32GB address space. The Java Heap base address is the
#     maximum limit for the native heap growth. Please use -XX:HeapBaseMinAddress
#     to set the Java Heap base and to place the Java Heap above 32GB virtual address.
# This output file may be truncated or incomplete.
#
#  Out of Memory Error (arena.cpp:149), pid=984, tid=17448
#
# JRE version: Java(TM) SE Runtime Environment (23.0+37) (build 23+37-2369)
# Java VM: Java HotSpot(TM) 64-Bit Server VM (23+37-2369, mixed mode, sharing, tiered, compressed oops, compressed class ptrs, g1 gc, windows-amd64)
# No core dump will be written. Minidumps are not enabled by default on client versions of Windows
#

---------------  S U M M A R Y ------------

Command Line: --add-opens=java.base/java.lang=ALL-UNNAMED --add-opens=java.base/java.lang.invoke=ALL-UNNAMED --add-opens=java.base/java.util=ALL-UNNAMED --add-opens=java.prefs/java.util.prefs=ALL-UNNAMED --add-exports=jdk.compiler/com.sun.tools.javac.api=ALL-UNNAMED --add-exports=jdk.compiler/com.sun.tools.javac.util=ALL-UNNAMED --add-opens=java.base/java.util=ALL-UNNAMED --add-opens=java.prefs/java.util.prefs=ALL-UNNAMED --add-opens=java.base/java.nio.charset=ALL-UNNAMED --add-opens=java.base/java.net=ALL-UNNAMED --add-opens=java.base/java.util.concurrent=ALL-UNNAMED --add-opens=java.base/java.util.concurrent.atomic=ALL-UNNAMED --add-opens=java.xml/javax.xml.namespace=ALL-UNNAMED --add-opens=java.base/java.time=ALL-UNNAMED -Xmx4g -Dfile.encoding=UTF-8 -Duser.country=IN -Duser.language=en -Duser.variant -javaagent:C:\Users\next\.gradle\wrapper\dists\gradle-9.3.1-bin\23ovyewtku6u96viwx3xl3oks\gradle-9.3.1\lib\agents\gradle-instrumentation-agent-9.3.1.jar org.gradle.launcher.daemon.bootstrap.GradleDaemon 9.3.1

Host: Intel(R) Core(TM) i3-7100U CPU @ 2.40GHz, 4 cores, 3G,  Windows 11 , 64 bit Build 22000 (10.0.22000.2538)
Time: Sun Sep 13 00:28:23 2026 India Standard Time elapsed time: 468.173843 seconds (0d 0h 7m 48s)

---------------  T H R E A D  ---------------

Current thread (0x000001fe25d90220):  JavaThread "C2 CompilerThread0" daemon [_thread_in_native, id=17448, stack(0x0000002550900000,0x0000002550a00000) (1024K)]


Current CompileTask:
C2:468175 19838       4       org.jetbrains.kotlin.fir.resolve.providers.FirSymbolNamesProvider::mayHaveTopLevelClassifier (77 bytes)

Stack: [0x0000002550900000,0x0000002550a00000]
Native frames: (J=compiled Java code, j=interpreted, Vv=VM code, C=native code)
V  [jvm.dll+0x6e08a9]  (no source info available)
V  [jvm.dll+0x87da63]  (no source info available)
V  [jvm.dll+0x87feee]  (no source info available)
V  [jvm.dll+0x8805c3]  (no source info available)
V  [jvm.dll+0x27aee6]  (no source info available)
V  [jvm.dll+0xbc06f]  (no source info available)
V  [jvm.dll+0xbc2cb]  (no source info available)
V  [jvm.dll+0x3b3a62]  (no source info available)
V  [jvm.dll+0x38a42b]  (no source info available)
V  [jvm.dll+0x38989a]  (no source info available)
V  [jvm.dll+0x244aa1]  (no source info available)
V  [jvm.dll+0x243dff]  (no source info available)
V  [jvm.dll+0x1c33a0]  (no source info available)
V  [jvm.dll+0x253cf1]  (no source info available)
V  [jvm.dll+0x251faa]  (no source info available)
V  [jvm.dll+0x3ee036]  (no source info available)
V  [jvm.dll+0x824f1b]  (no source info available)
V  [jvm.dll+0x6df055]  (no source info available)
C  [ucrtbase.dll+0x26c0c]  (no source info available)
C  [KERNEL32.DLL+0x153e0]  (no source info available)
C  [ntdll.dll+0x485b]  (no source info available)

Lock stack of current Java thread (top to bottom):


---------------  P R O C E S S  ---------------

Threads class SMR info:
_java_thread_list=0x000001fe796f5390, length=52, elements={
0x000001fe070be640, 0x000001fe25d88c70, 0x000001fe25d8b840, 0x000001fe25d8c560,
0x000001fe25d8dfd0, 0x000001fe25d8ea30, 0x000001fe25d8f490, 0x000001fe25d90220,
0x000001fe25d93810, 0x000001fe25e3dc90, 0x000001fe6b247170, 0x000001fe6cb981c0,
0x000001fe6bff0490, 0x000001fe6c08d820, 0x000001fe6b3da540, 0x000001fe6b3dabb0,
0x000001fe6c0f6090, 0x000001fe6bfd0dd0, 0x000001fe6bfd2ea0, 0x000001fe6bfd1460,
0x000001fe6bfd3530, 0x000001fe6bfd4250, 0x000001fe6bfd1af0, 0x000001fe6bfd3bc0,
0x000001fe6ca5d9f0, 0x000001fe6ca58b30, 0x000001fe6ca56a60, 0x000001fe6ca591c0,
0x000001fe6ca5b290, 0x000001fe6ca5d360, 0x000001fe6ca5e080, 0x000001fe6ca584a0,
0x000001fe6ca570f0, 0x000001fe6ca57e10, 0x000001fe6ca59850, 0x000001fe6ca59ee0,
0x000001fe6dafdd80, 0x000001fe6db01f20, 0x000001fe6db03960, 0x000001fe885e1970,
0x000001fe885e7550, 0x000001fe885e12e0, 0x000001fe885e8900, 0x000001fe885e2000,
0x000001fe6ca5c640, 0x000001fe89e697c0, 0x000001fe89e67060, 0x000001fe89e6d2d0,
0x000001fe8b4f0b10, 0x000001fe8b4f3900, 0x000001fe8addaf20, 0x000001fe8add6060
}

Java Threads: ( => current thread )
  0x000001fe070be640 JavaThread "main"                              [_thread_blocked, id=568, stack(0x000000254fb00000,0x000000254fc00000) (1024K)]
  0x000001fe25d88c70 JavaThread "Reference Handler"          daemon [_thread_blocked, id=8336, stack(0x0000002550300000,0x0000002550400000) (1024K)]
  0x000001fe25d8b840 JavaThread "Finalizer"                  daemon [_thread_blocked, id=1664, stack(0x0000002550400000,0x0000002550500000) (1024K)]
  0x000001fe25d8c560 JavaThread "Signal Dispatcher"          daemon [_thread_blocked, id=17948, stack(0x0000002550500000,0x0000002550600000) (1024K)]
  0x000001fe25d8dfd0 JavaThread "Attach Listener"            daemon [_thread_blocked, id=15068, stack(0x0000002550600000,0x0000002550700000) (1024K)]
  0x000001fe25d8ea30 JavaThread "Service Thread"             daemon [_thread_blocked, id=12052, stack(0x0000002550700000,0x0000002550800000) (1024K)]
  0x000001fe25d8f490 JavaThread "Monitor Deflation Thread"   daemon [_thread_blocked, id=2372, stack(0x0000002550800000,0x0000002550900000) (1024K)]
=>0x000001fe25d90220 JavaThread "C2 CompilerThread0"         daemon [_thread_in_native, id=17448, stack(0x0000002550900000,0x0000002550a00000) (1024K)]
  0x000001fe25d93810 JavaThread "C1 CompilerThread0"         daemon [_thread_blocked, id=7760, stack(0x0000002550a00000,0x0000002550b00000) (1024K)]
  0x000001fe25e3dc90 JavaThread "Common-Cleaner"             daemon [_thread_blocked, id=1544, stack(0x0000002550b00000,0x0000002550c00000) (1024K)]
  0x000001fe6b247170 JavaThread "Notification Thread"        daemon [_thread_blocked, id=15832, stack(0x0000002550c00000,0x0000002550d00000) (1024K)]
  0x000001fe6cb981c0 JavaThread "Daemon health stats"               [_thread_blocked, id=9992, stack(0x0000002551000000,0x0000002551100000) (1024K)]
  0x000001fe6bff0490 JavaThread "Incoming local TCP Connector on port 7978"        [_thread_in_native, id=5188, stack(0x0000002551100000,0x0000002551200000) (1024K)]
  0x000001fe6c08d820 JavaThread "Daemon periodic checks"            [_thread_blocked, id=272, stack(0x0000002551200000,0x0000002551300000) (1024K)]
  0x000001fe6b3da540 JavaThread "Daemon"                            [_thread_blocked, id=8552, stack(0x0000002551300000,0x0000002551400000) (1024K)]
  0x000001fe6b3dabb0 JavaThread "Handler for socket connection from /127.0.0.1:7978 to /127.0.0.1:7979"        [_thread_in_native, id=10216, stack(0x0000002551400000,0x0000002551500000) (1024K)]
  0x000001fe6c0f6090 JavaThread "Cancel handler"                    [_thread_blocked, id=292, stack(0x0000002551500000,0x0000002551600000) (1024K)]
  0x000001fe6bfd0dd0 JavaThread "Daemon worker"                     [_thread_in_vm, id=14572, stack(0x0000002551600000,0x0000002551700000) (1024K)]
  0x000001fe6bfd2ea0 JavaThread "Asynchronous log dispatcher for DefaultDaemonConnection: socket connection from /127.0.0.1:7978 to /127.0.0.1:7979"        [_thread_blocked, id=10588, stack(0x0000002551700000,0x0000002551800000) (1024K)]
  0x000001fe6bfd1460 JavaThread "Stdin handler"                     [_thread_blocked, id=15240, stack(0x0000002551800000,0x0000002551900000) (1024K)]
  0x000001fe6bfd3530 JavaThread "Daemon client event forwarder"        [_thread_blocked, id=12940, stack(0x0000002551900000,0x0000002551a00000) (1024K)]
  0x000001fe6bfd4250 JavaThread "Cache worker for journal cache (C:\Users\next\.gradle\caches\journal-1)"        [_thread_blocked, id=940, stack(0x0000002551a00000,0x0000002551b00000) (1024K)]
  0x000001fe6bfd1af0 JavaThread "File lock request listener"        [_thread_in_native, id=4116, stack(0x0000002551b00000,0x0000002551c00000) (1024K)]
  0x000001fe6bfd3bc0 JavaThread "Cache worker for file hash cache (C:\Users\next\.gradle\caches\9.3.1\fileHashes)"        [_thread_blocked, id=11780, stack(0x0000002551c00000,0x0000002551d00000) (1024K)]
  0x000001fe6ca5d9f0 JavaThread "Cache worker for file hash cache (E:\Downloads\cropsaathi (2)\.gradle\9.3.1\fileHashes)"        [_thread_blocked, id=4552, stack(0x0000002551e00000,0x0000002551f00000) (1024K)]
  0x000001fe6ca58b30 JavaThread "Cache worker for Build Output Cleanup Cache (E:\Downloads\cropsaathi (2)\.gradle\buildOutputCleanup)"        [_thread_blocked, id=16672, stack(0x000000254f900000,0x000000254fa00000) (1024K)]
  0x000001fe6ca56a60 JavaThread "File watcher server"        daemon [_thread_in_native, id=6784, stack(0x0000002551f00000,0x0000002552000000) (1024K)]
  0x000001fe6ca591c0 JavaThread "File watcher consumer"      daemon [_thread_blocked, id=9420, stack(0x0000002552000000,0x0000002552100000) (1024K)]
  0x000001fe6ca5b290 JavaThread "jar transforms"                    [_thread_blocked, id=8412, stack(0x0000002552100000,0x0000002552200000) (1024K)]
  0x000001fe6ca5d360 JavaThread "jar transforms Thread 2"           [_thread_blocked, id=14800, stack(0x0000002552200000,0x0000002552300000) (1024K)]
  0x000001fe6ca5e080 JavaThread "jar transforms Thread 3"           [_thread_blocked, id=10688, stack(0x0000002552300000,0x0000002552400000) (1024K)]
  0x000001fe6ca584a0 JavaThread "Cache worker for checksums cache (E:\Downloads\cropsaathi (2)\.gradle\9.3.1\checksums)"        [_thread_blocked, id=4392, stack(0x0000002552400000,0x0000002552500000) (1024K)]
  0x000001fe6ca570f0 JavaThread "Cache worker for file content cache (C:\Users\next\.gradle\caches\9.3.1\fileContent)"        [_thread_blocked, id=4732, stack(0x0000002552500000,0x0000002552600000) (1024K)]
  0x000001fe6ca57e10 JavaThread "Cache worker for cache directory md-supplier (C:\Users\next\.gradle\caches\9.3.1\md-supplier)"        [_thread_blocked, id=17744, stack(0x0000002552600000,0x0000002552700000) (1024K)]
  0x000001fe6ca59850 JavaThread "Cache worker for cache directory md-rule (C:\Users\next\.gradle\caches\9.3.1\md-rule)"        [_thread_blocked, id=9716, stack(0x0000002552700000,0x0000002552800000) (1024K)]
  0x000001fe6ca59ee0 JavaThread "jar transforms Thread 4"           [_thread_blocked, id=17676, stack(0x0000002552800000,0x0000002552900000) (1024K)]
  0x000001fe6dafdd80 JavaThread "Unconstrained build operations"        [_thread_blocked, id=12452, stack(0x000000254f800000,0x000000254f900000) (1024K)]
  0x000001fe6db01f20 JavaThread "Unconstrained build operations Thread 2"        [_thread_blocked, id=19012, stack(0x000000254fa00000,0x000000254fb00000) (1024K)]
  0x000001fe6db03960 JavaThread "Unconstrained build operations Thread 3"        [_thread_blocked, id=10752, stack(0x0000002552900000,0x0000002552a00000) (1024K)]
  0x000001fe885e1970 JavaThread "Unconstrained build operations Thread 4"        [_thread_blocked, id=9536, stack(0x0000002552a00000,0x0000002552b00000) (1024K)]
  0x000001fe885e7550 JavaThread "Unconstrained build operations Thread 5"        [_thread_blocked, id=1576, stack(0x0000002552b00000,0x0000002552c00000) (1024K)]
  0x000001fe885e12e0 JavaThread "Unconstrained build operations Thread 6"        [_thread_blocked, id=10196, stack(0x0000002552c00000,0x0000002552d00000) (1024K)]
  0x000001fe885e8900 JavaThread "Unconstrained build operations Thread 7"        [_thread_blocked, id=13244, stack(0x0000002552d00000,0x0000002552e00000) (1024K)]
  0x000001fe885e2000 JavaThread "Unconstrained build operations Thread 8"        [_thread_blocked, id=8528, stack(0x0000002552e00000,0x0000002552f00000) (1024K)]
  0x000001fe6ca5c640 JavaThread "Unconstrained build operations Thread 9"        [_thread_blocked, id=6240, stack(0x0000002552f00000,0x0000002553000000) (1024K)]
  0x000001fe89e697c0 JavaThread "Unconstrained build operations Thread 10"        [_thread_blocked, id=6676, stack(0x0000002553000000,0x0000002553100000) (1024K)]
  0x000001fe89e67060 JavaThread "Unconstrained build operations Thread 11"        [_thread_blocked, id=17740, stack(0x0000002553100000,0x0000002553200000) (1024K)]
  0x000001fe89e6d2d0 JavaThread "Unconstrained build operations Thread 12"        [_thread_blocked, id=11684, stack(0x0000002553200000,0x0000002553300000) (1024K)]
  0x000001fe8b4f0b10 JavaThread "File lock release action executor Thread 3"        [_thread_blocked, id=5192, stack(0x0000002553400000,0x0000002553500000) (1024K)]
  0x000001fe8b4f3900 JavaThread "Memory manager"                    [_thread_blocked, id=13700, stack(0x0000002553700000,0x0000002553800000) (1024K)]
  0x000001fe8addaf20 JavaThread "build event listener"              [_thread_blocked, id=16084, stack(0x0000002553800000,0x0000002553900000) (1024K)]
  0x000001fe8add6060 JavaThread "Kotlin DSL Writer"                 [_thread_blocked, id=15288, stack(0x0000002553300000,0x0000002553400000) (1024K)]
Total: 52

Other Threads:
  0x000001fe25d6a700 VMThread "VM Thread"                           [id=14828, stack(0x0000002550200000,0x0000002550300000) (1024K)]
  0x000001fe25d5b2b0 WatcherThread "VM Periodic Task Thread"        [id=19184, stack(0x0000002550100000,0x0000002550200000) (1024K)]
  0x000001fe07128520 WorkerThread "GC Thread#0"                     [id=8332, stack(0x000000254fc00000,0x000000254fd00000) (1024K)]
  0x000001fe6b2c3080 WorkerThread "GC Thread#1"                     [id=7564, stack(0x0000002550d00000,0x0000002550e00000) (1024K)]
  0x000001fe6b2bede0 WorkerThread "GC Thread#2"                     [id=2392, stack(0x0000002550e00000,0x0000002550f00000) (1024K)]
  0x000001fe6b2bf190 WorkerThread "GC Thread#3"                     [id=4376, stack(0x0000002550f00000,0x0000002551000000) (1024K)]
  0x000001fe0713d570 ConcurrentGCThread "G1 Main Marker"            [id=4524, stack(0x000000254fd00000,0x000000254fe00000) (1024K)]
  0x000001fe0713e080 WorkerThread "G1 Conc#0"                       [id=7344, stack(0x000000254fe00000,0x000000254ff00000) (1024K)]
  0x000001fe0717d4f0 ConcurrentGCThread "G1 Refine#0"               [id=10800, stack(0x000000254ff00000,0x0000002550000000) (1024K)]
  0x000001fe0717e070 ConcurrentGCThread "G1 Service"                [id=2856, stack(0x0000002550000000,0x0000002550100000) (1024K)]
Total: 10

Threads with active compile tasks:
C2 CompilerThread0  468685 19838       4       org.jetbrains.kotlin.fir.resolve.providers.FirSymbolNamesProvider::mayHaveTopLevelClassifier (77 bytes)
Total: 1

VM state: not at safepoint (normal execution)

VM Mutex/Monitor currently owned by a thread: None

Heap address: 0x0000000700000000, size: 4096 MB, Compressed Oops mode: Zero based, Oop shift amount: 3

CDS archive(s) mapped at: [0x000001fe26000000-0x000001fe26d70000-0x000001fe26d70000), size 14090240, SharedBaseAddress: 0x000001fe26000000, ArchiveRelocationMode: 1.
Compressed class space mapped at: 0x000001fe27000000-0x000001fe67000000, reserved size: 1073741824
Narrow klass base: 0x000001fe26000000, Narrow klass shift: 0, Narrow klass range: 0x41000000

GC Precious Log:
 CardTable entry size: 512
 Card Set container configuration: InlinePtr #cards 4 size 8 Array Of Cards #cards 16 size 48 Howl #buckets 8 coarsen threshold 3686 Howl Bitmap #cards 512 size 80 coarsen threshold 460 Card regions per heap region 1 cards per card region 4096
 CPUs: 4 total, 4 available
 Memory: 3998M
 Large Page Support: Disabled
 NUMA Support: Disabled
 Compressed Oops: Enabled (Zero based)
 Heap Region Size: 2M
 Heap Min Capacity: 8M
 Heap Initial Capacity: 64M
 Heap Max Capacity: 4G
 Pre-touch: Disabled
 Parallel Workers: 4
 Concurrent Workers: 1
 Concurrent Refinement Workers: 4
 Periodic GC: Disabled

Heap:
 garbage-first heap   total reserved 4194304K, committed 493568K, used 207115K [0x0000000700000000, 0x0000000800000000)
  region size 2048K, 14 young (28672K), 2 survivors (4096K)
 Metaspace       used 144992K, committed 147456K, reserved 1179648K
  class space    used 18893K, committed 20032K, reserved 1048576K

Heap Regions: E=young(eden), S=young(survivor), O=old, HS=humongous(starts), HC=humongous(continues), CS=collection set, F=free, TAMS=top-at-mark-start, PB=parsable bottom
|   0|0x0000000700000000, 0x0000000700200000, 0x0000000700200000|100%| O|  |TAMS 0x0000000700000000| PB 0x0000000700000000| Untracked |  0
|   1|0x0000000700200000, 0x0000000700400000, 0x0000000700400000|100%| O|  |TAMS 0x0000000700200000| PB 0x0000000700200000| Untracked |  0
|   2|0x0000000700400000, 0x0000000700600000, 0x0000000700600000|100%|HS|  |TAMS 0x0000000700400000| PB 0x0000000700400000| Complete |  0
|   3|0x0000000700600000, 0x0000000700800000, 0x0000000700800000|100%|HC|  |TAMS 0x0000000700600000| PB 0x0000000700600000| Complete |  0
|   4|0x0000000700800000, 0x0000000700a00000, 0x0000000700a00000|100%| O|  |TAMS 0x0000000700800000| PB 0x0000000700800000| Untracked |  0
|   5|0x0000000700a00000, 0x0000000700c00000, 0x0000000700c00000|100%| O|  |TAMS 0x0000000700a00000| PB 0x0000000700a00000| Untracked |  0
|   6|0x0000000700c00000, 0x0000000700e00000, 0x0000000700e00000|100%| O|  |TAMS 0x0000000700c00000| PB 0x0000000700c00000| Untracked |  0
|   7|0x0000000700e00000, 0x0000000701000000, 0x0000000701000000|100%| O|  |TAMS 0x0000000700e00000| PB 0x0000000700e00000| Untracked |  0
|   8|0x0000000701000000, 0x0000000701200000, 0x0000000701200000|100%| O|  |TAMS 0x0000000701000000| PB 0x0000000701000000| Untracked |  0
|   9|0x0000000701200000, 0x0000000701400000, 0x0000000701400000|100%| O|  |TAMS 0x0000000701200000| PB 0x0000000701200000| Untracked |  0
|  10|0x0000000701400000, 0x0000000701600000, 0x0000000701600000|100%| O|  |TAMS 0x0000000701400000| PB 0x0000000701400000| Untracked |  0
|  11|0x0000000701600000, 0x0000000701800000, 0x0000000701800000|100%| O|  |TAMS 0x0000000701600000| PB 0x0000000701600000| Untracked |  0
|  12|0x0000000701800000, 0x0000000701a00000, 0x0000000701a00000|100%| O|  |TAMS 0x0000000701800000| PB 0x0000000701800000| Untracked |  0
|  13|0x0000000701a00000, 0x0000000701c00000, 0x0000000701c00000|100%| O|  |TAMS 0x0000000701a00000| PB 0x0000000701a00000| Untracked |  0
|  14|0x0000000701c00000, 0x0000000701e00000, 0x0000000701e00000|100%| O|  |TAMS 0x0000000701c00000| PB 0x0000000701c00000| Untracked |  0
|  15|0x0000000701e00000, 0x0000000702000000, 0x0000000702000000|100%| O|  |TAMS 0x0000000701e00000| PB 0x0000000701e00000| Untracked |  0
|  16|0x0000000702000000, 0x0000000702200000, 0x0000000702200000|100%| O|  |TAMS 0x0000000702000000| PB 0x0000000702000000| Untracked |  0
|  17|0x0000000702200000, 0x0000000702400000, 0x0000000702400000|100%| O|  |TAMS 0x0000000702200000| PB 0x0000000702200000| Untracked |  0
|  18|0x0000000702400000, 0x0000000702600000, 0x0000000702600000|100%| O|  |TAMS 0x0000000702400000| PB 0x0000000702400000| Untracked |  0
|  19|0x0000000702600000, 0x0000000702800000, 0x0000000702800000|100%| O|  |TAMS 0x0000000702600000| PB 0x0000000702600000| Untracked |  0
|  20|0x0000000702800000, 0x0000000702a00000, 0x0000000702a00000|100%| O|  |TAMS 0x0000000702800000| PB 0x0000000702800000| Untracked |  0
|  21|0x0000000702a00000, 0x0000000702c00000, 0x0000000702c00000|100%| O|  |TAMS 0x0000000702a00000| PB 0x0000000702a00000| Untracked |  0
|  22|0x0000000702c00000, 0x0000000702e00000, 0x0000000702e00000|100%| O|  |TAMS 0x0000000702c00000| PB 0x0000000702c00000| Untracked |  0
|  23|0x0000000702e00000, 0x0000000703000000, 0x0000000703000000|100%| O|  |TAMS 0x0000000702e00000| PB 0x0000000702e00000| Untracked |  0
|  24|0x0000000703000000, 0x0000000703200000, 0x0000000703200000|100%| O|  |TAMS 0x0000000703000000| PB 0x0000000703000000| Untracked |  0
|  25|0x0000000703200000, 0x0000000703400000, 0x0000000703400000|100%| O|  |TAMS 0x0000000703200000| PB 0x0000000703200000| Untracked |  0
|  26|0x0000000703400000, 0x0000000703600000, 0x0000000703600000|100%| O|  |TAMS 0x0000000703400000| PB 0x0000000703400000| Untracked |  0
|  27|0x0000000703600000, 0x0000000703800000, 0x0000000703800000|100%| O|  |TAMS 0x0000000703600000| PB 0x0000000703600000| Untracked |  0
|  28|0x0000000703800000, 0x0000000703a00000, 0x0000000703a00000|100%| O|  |TAMS 0x0000000703800000| PB 0x0000000703800000| Untracked |  0
|  29|0x0000000703a00000, 0x0000000703c00000, 0x0000000703c00000|100%| O|  |TAMS 0x0000000703a00000| PB 0x0000000703a00000| Untracked |  0
|  30|0x0000000703c00000, 0x0000000703e00000, 0x0000000703e00000|100%| O|  |TAMS 0x0000000703c00000| PB 0x0000000703c00000| Untracked |  0
|  31|0x0000000703e00000, 0x0000000704000000, 0x0000000704000000|100%| O|  |TAMS 0x0000000703e00000| PB 0x0000000703e00000| Untracked |  0
|  32|0x0000000704000000, 0x0000000704200000, 0x0000000704200000|100%| O|  |TAMS 0x0000000704000000| PB 0x0000000704000000| Untracked |  0
|  33|0x0000000704200000, 0x0000000704400000, 0x0000000704400000|100%| O|  |TAMS 0x0000000704200000| PB 0x0000000704200000| Untracked |  0
|  34|0x0000000704400000, 0x0000000704600000, 0x0000000704600000|100%| O|  |TAMS 0x0000000704400000| PB 0x0000000704400000| Untracked |  0
|  35|0x0000000704600000, 0x0000000704800000, 0x0000000704800000|100%|HS|  |TAMS 0x0000000704600000| PB 0x0000000704600000| Complete |  0
|  36|0x0000000704800000, 0x0000000704a00000, 0x0000000704a00000|100%| O|  |TAMS 0x0000000704800000| PB 0x0000000704800000| Untracked |  0
|  37|0x0000000704a00000, 0x0000000704c00000, 0x0000000704c00000|100%| O|  |TAMS 0x0000000704a00000| PB 0x0000000704a00000| Untracked |  0
|  38|0x0000000704c00000, 0x0000000704e00000, 0x0000000704e00000|100%| O|  |TAMS 0x0000000704c00000| PB 0x0000000704c00000| Untracked |  0
|  39|0x0000000704e00000, 0x0000000705000000, 0x0000000705000000|100%| O|  |TAMS 0x0000000704e00000| PB 0x0000000704e00000| Untracked |  0
|  40|0x0000000705000000, 0x0000000705200000, 0x0000000705200000|100%| O|  |TAMS 0x0000000705000000| PB 0x0000000705000000| Untracked |  0
|  41|0x0000000705200000, 0x0000000705400000, 0x0000000705400000|100%| O|  |TAMS 0x0000000705200000| PB 0x0000000705200000| Untracked |  0
|  42|0x0000000705400000, 0x0000000705600000, 0x0000000705600000|100%| O|  |TAMS 0x0000000705400000| PB 0x0000000705400000| Untracked |  0
|  43|0x0000000705600000, 0x0000000705800000, 0x0000000705800000|100%| O|  |TAMS 0x0000000705600000| PB 0x0000000705600000| Untracked |  0
|  44|0x0000000705800000, 0x0000000705a00000, 0x0000000705a00000|100%| O|  |TAMS 0x0000000705800000| PB 0x0000000705800000| Untracked |  0
|  45|0x0000000705a00000, 0x0000000705c00000, 0x0000000705c00000|100%| O|  |TAMS 0x0000000705a00000| PB 0x0000000705a00000| Untracked |  0
|  46|0x0000000705c00000, 0x0000000705e00000, 0x0000000705e00000|100%| O|  |TAMS 0x0000000705c00000| PB 0x0000000705c00000| Untracked |  0
|  47|0x0000000705e00000, 0x0000000706000000, 0x0000000706000000|100%| O|  |TAMS 0x0000000705e00000| PB 0x0000000705e00000| Untracked |  0
|  48|0x0000000706000000, 0x0000000706200000, 0x0000000706200000|100%| O|  |TAMS 0x0000000706000000| PB 0x0000000706000000| Untracked |  0
|  49|0x0000000706200000, 0x0000000706400000, 0x0000000706400000|100%| O|  |TAMS 0x0000000706200000| PB 0x0000000706200000| Untracked |  0
|  50|0x0000000706400000, 0x0000000706600000, 0x0000000706600000|100%| O|  |TAMS 0x0000000706400000| PB 0x0000000706400000| Untracked |  0
|  51|0x0000000706600000, 0x0000000706800000, 0x0000000706800000|100%| O|  |TAMS 0x0000000706600000| PB 0x0000000706600000| Untracked |  0
|  52|0x0000000706800000, 0x0000000706a00000, 0x0000000706a00000|100%| O|  |TAMS 0x0000000706800000| PB 0x0000000706800000| Untracked |  0
|  53|0x0000000706a00000, 0x0000000706c00000, 0x0000000706c00000|100%| O|  |TAMS 0x0000000706a00000| PB 0x0000000706a00000| Untracked |  0
|  54|0x0000000706c00000, 0x0000000706e00000, 0x0000000706e00000|100%| O|  |TAMS 0x0000000706c00000| PB 0x0000000706c00000| Untracked |  0
|  55|0x0000000706e00000, 0x0000000707000000, 0x0000000707000000|100%| O|  |TAMS 0x0000000706e00000| PB 0x0000000706e00000| Untracked |  0
|  56|0x0000000707000000, 0x0000000707200000, 0x0000000707200000|100%| O|  |TAMS 0x0000000707000000| PB 0x0000000707000000| Untracked |  0
|  57|0x0000000707200000, 0x0000000707400000, 0x0000000707400000|100%| O|  |TAMS 0x0000000707200000| PB 0x0000000707200000| Untracked |  0
|  58|0x0000000707400000, 0x0000000707600000, 0x0000000707600000|100%| O|  |TAMS 0x0000000707400000| PB 0x0000000707400000| Untracked |  0
|  59|0x0000000707600000, 0x0000000707800000, 0x0000000707800000|100%| O|  |TAMS 0x0000000707600000| PB 0x0000000707600000| Untracked |  0
|  60|0x0000000707800000, 0x0000000707a00000, 0x0000000707a00000|100%| O|  |TAMS 0x0000000707800000| PB 0x0000000707800000| Untracked |  0
|  61|0x0000000707a00000, 0x0000000707c00000, 0x0000000707c00000|100%| O|  |TAMS 0x0000000707a00000| PB 0x0000000707a00000| Untracked |  0
|  62|0x0000000707c00000, 0x0000000707e00000, 0x0000000707e00000|100%| O|  |TAMS 0x0000000707c00000| PB 0x0000000707c00000| Untracked |  0
|  63|0x0000000707e00000, 0x0000000708000000, 0x0000000708000000|100%| O|  |TAMS 0x0000000707e00000| PB 0x0000000707e00000| Untracked |  0
|  64|0x0000000708000000, 0x0000000708200000, 0x0000000708200000|100%| O|  |TAMS 0x0000000708000000| PB 0x0000000708000000| Untracked |  0
|  65|0x0000000708200000, 0x0000000708400000, 0x0000000708400000|100%| O|  |TAMS 0x0000000708200000| PB 0x0000000708200000| Untracked |  0
|  66|0x0000000708400000, 0x0000000708600000, 0x0000000708600000|100%| O|  |TAMS 0x0000000708400000| PB 0x0000000708400000| Untracked |  0
|  67|0x0000000708600000, 0x0000000708800000, 0x0000000708800000|100%| O|  |TAMS 0x0000000708600000| PB 0x0000000708600000| Untracked |  0
|  68|0x0000000708800000, 0x0000000708a00000, 0x0000000708a00000|100%| O|  |TAMS 0x0000000708800000| PB 0x0000000708800000| Untracked |  0
|  69|0x0000000708a00000, 0x0000000708c00000, 0x0000000708c00000|100%| O|  |TAMS 0x0000000708a00000| PB 0x0000000708a00000| Untracked |  0
|  70|0x0000000708c00000, 0x0000000708e00000, 0x0000000708e00000|100%| O|  |TAMS 0x0000000708c00000| PB 0x0000000708c00000| Untracked |  0
|  71|0x0000000708e00000, 0x0000000709000000, 0x0000000709000000|100%| O|  |TAMS 0x0000000708e00000| PB 0x0000000708e00000| Untracked |  0
|  72|0x0000000709000000, 0x0000000709200000, 0x0000000709200000|100%| O|  |TAMS 0x0000000709000000| PB 0x0000000709000000| Untracked |  0
|  73|0x0000000709200000, 0x0000000709400000, 0x0000000709400000|100%| O|  |TAMS 0x0000000709200000| PB 0x0000000709200000| Untracked |  0
|  74|0x0000000709400000, 0x0000000709600000, 0x0000000709600000|100%| O|  |TAMS 0x0000000709400000| PB 0x0000000709400000| Untracked |  0
|  75|0x0000000709600000, 0x0000000709800000, 0x0000000709800000|100%| O|  |TAMS 0x0000000709600000| PB 0x0000000709600000| Untracked |  0
|  76|0x0000000709800000, 0x0000000709a00000, 0x0000000709a00000|100%| O|  |TAMS 0x0000000709800000| PB 0x0000000709800000| Untracked |  0
|  77|0x0000000709a00000, 0x0000000709c00000, 0x0000000709c00000|100%|HS|  |TAMS 0x0000000709a00000| PB 0x0000000709a00000| Complete |  0
|  78|0x0000000709c00000, 0x0000000709e00000, 0x0000000709e00000|100%| O|  |TAMS 0x0000000709c00000| PB 0x0000000709c00000| Untracked |  0
|  79|0x0000000709e00000, 0x000000070a000000, 0x000000070a000000|100%| O|  |TAMS 0x0000000709e00000| PB 0x0000000709e00000| Untracked |  0
|  80|0x000000070a000000, 0x000000070a200000, 0x000000070a200000|100%| O|  |TAMS 0x000000070a000000| PB 0x000000070a000000| Untracked |  0
|  81|0x000000070a200000, 0x000000070a400000, 0x000000070a400000|100%| O|  |TAMS 0x000000070a200000| PB 0x000000070a200000| Untracked |  0
|  82|0x000000070a400000, 0x000000070a600000, 0x000000070a600000|100%| O|  |TAMS 0x000000070a400000| PB 0x000000070a400000| Untracked |  0
|  83|0x000000070a600000, 0x000000070a800000, 0x000000070a800000|100%| O|  |TAMS 0x000000070a600000| PB 0x000000070a600000| Untracked |  0
|  84|0x000000070a800000, 0x000000070aa00000, 0x000000070aa00000|100%| O|  |TAMS 0x000000070a800000| PB 0x000000070a800000| Untracked |  0
|  85|0x000000070aa00000, 0x000000070ac00000, 0x000000070ac00000|100%| O|  |TAMS 0x000000070aa00000| PB 0x000000070aa00000| Untracked |  0
|  86|0x000000070ac00000, 0x000000070ae00000, 0x000000070ae00000|100%| O|  |TAMS 0x000000070ac00000| PB 0x000000070ac00000| Untracked |  0
|  87|0x000000070ae00000, 0x000000070b000000, 0x000000070b000000|100%| O|  |TAMS 0x000000070ae00000| PB 0x000000070ae00000| Untracked |  0
|  88|0x000000070b000000, 0x000000070b091cd0, 0x000000070b200000| 28%| O|  |TAMS 0x000000070b000000| PB 0x000000070b000000| Untracked |  0
|  89|0x000000070b200000, 0x000000070b200000, 0x000000070b400000|  0%| F|  |TAMS 0x000000070b200000| PB 0x000000070b200000| Untracked |  0
|  90|0x000000070b400000, 0x000000070b400000, 0x000000070b600000|  0%| F|  |TAMS 0x000000070b400000| PB 0x000000070b400000| Untracked |  0
|  91|0x000000070b600000, 0x000000070b600000, 0x000000070b800000|  0%| F|  |TAMS 0x000000070b600000| PB 0x000000070b600000| Untracked |  0
|  92|0x000000070b800000, 0x000000070b800000, 0x000000070ba00000|  0%| F|  |TAMS 0x000000070b800000| PB 0x000000070b800000| Untracked |  0
|  93|0x000000070ba00000, 0x000000070ba00000, 0x000000070bc00000|  0%| F|  |TAMS 0x000000070ba00000| PB 0x000000070ba00000| Untracked |  0
|  94|0x000000070bc00000, 0x000000070bc00000, 0x000000070be00000|  0%| F|  |TAMS 0x000000070bc00000| PB 0x000000070bc00000| Untracked |  0
|  95|0x000000070be00000, 0x000000070be00000, 0x000000070c000000|  0%| F|  |TAMS 0x000000070be00000| PB 0x000000070be00000| Untracked |  0
|  96|0x000000070c000000, 0x000000070c000000, 0x000000070c200000|  0%| F|  |TAMS 0x000000070c000000| PB 0x000000070c000000| Untracked |  0
|  97|0x000000070c200000, 0x000000070c200000, 0x000000070c400000|  0%| F|  |TAMS 0x000000070c200000| PB 0x000000070c200000| Untracked |  0
|  98|0x000000070c400000, 0x000000070c400000, 0x000000070c600000|  0%| F|  |TAMS 0x000000070c400000| PB 0x000000070c400000| Untracked |  0
|  99|0x000000070c600000, 0x000000070c600000, 0x000000070c800000|  0%| F|  |TAMS 0x000000070c600000| PB 0x000000070c600000| Untracked |  0
| 100|0x000000070c800000, 0x000000070c800000, 0x000000070ca00000|  0%| F|  |TAMS 0x000000070c800000| PB 0x000000070c800000| Untracked |  0
| 101|0x000000070ca00000, 0x000000070ca00000, 0x000000070cc00000|  0%| F|  |TAMS 0x000000070ca00000| PB 0x000000070ca00000| Untracked |  0
| 102|0x000000070cc00000, 0x000000070cc00000, 0x000000070ce00000|  0%| F|  |TAMS 0x000000070cc00000| PB 0x000000070cc00000| Untracked |  0
| 103|0x000000070ce00000, 0x000000070ce00000, 0x000000070d000000|  0%| F|  |TAMS 0x000000070ce00000| PB 0x000000070ce00000| Untracked |  0
| 104|0x000000070d000000, 0x000000070d000000, 0x000000070d200000|  0%| F|  |TAMS 0x000000070d000000| PB 0x000000070d000000| Untracked |  0
| 105|0x000000070d200000, 0x000000070d200000, 0x000000070d400000|  0%| F|  |TAMS 0x000000070d200000| PB 0x000000070d200000| Untracked |  0
| 106|0x000000070d400000, 0x000000070d400000, 0x000000070d600000|  0%| F|  |TAMS 0x000000070d400000| PB 0x000000070d400000| Untracked |  0
| 107|0x000000070d600000, 0x000000070d600000, 0x000000070d800000|  0%| F|  |TAMS 0x000000070d600000| PB 0x000000070d600000| Untracked |  0
| 108|0x000000070d800000, 0x000000070d800000, 0x000000070da00000|  0%| F|  |TAMS 0x000000070d800000| PB 0x000000070d800000| Untracked |  0
| 109|0x000000070da00000, 0x000000070da00000, 0x000000070dc00000|  0%| F|  |TAMS 0x000000070da00000| PB 0x000000070da00000| Untracked |  0
| 110|0x000000070dc00000, 0x000000070dc00000, 0x000000070de00000|  0%| F|  |TAMS 0x000000070dc00000| PB 0x000000070dc00000| Untracked |  0
| 111|0x000000070de00000, 0x000000070de00000, 0x000000070e000000|  0%| F|  |TAMS 0x000000070de00000| PB 0x000000070de00000| Untracked |  0
| 112|0x000000070e000000, 0x000000070e000000, 0x000000070e200000|  0%| F|  |TAMS 0x000000070e000000| PB 0x000000070e000000| Untracked |  0
| 113|0x000000070e200000, 0x000000070e200000, 0x000000070e400000|  0%| F|  |TAMS 0x000000070e200000| PB 0x000000070e200000| Untracked |  0
| 114|0x000000070e400000, 0x000000070e400000, 0x000000070e600000|  0%| F|  |TAMS 0x000000070e400000| PB 0x000000070e400000| Untracked |  0
| 115|0x000000070e600000, 0x000000070e600000, 0x000000070e800000|  0%| F|  |TAMS 0x000000070e600000| PB 0x000000070e600000| Untracked |  0
| 116|0x000000070e800000, 0x000000070e800000, 0x000000070ea00000|  0%| F|  |TAMS 0x000000070e800000| PB 0x000000070e800000| Untracked |  0
| 117|0x000000070ea00000, 0x000000070ea00000, 0x000000070ec00000|  0%| F|  |TAMS 0x000000070ea00000| PB 0x000000070ea00000| Untracked |  0
| 118|0x000000070ec00000, 0x000000070ec00000, 0x000000070ee00000|  0%| F|  |TAMS 0x000000070ec00000| PB 0x000000070ec00000| Untracked |  0
| 119|0x000000070ee00000, 0x000000070ee00000, 0x000000070f000000|  0%| F|  |TAMS 0x000000070ee00000| PB 0x000000070ee00000| Untracked |  0
| 120|0x000000070f000000, 0x000000070f000000, 0x000000070f200000|  0%| F|  |TAMS 0x000000070f000000| PB 0x000000070f000000| Untracked |  0
| 121|0x000000070f200000, 0x000000070f200000, 0x000000070f400000|  0%| F|  |TAMS 0x000000070f200000| PB 0x000000070f200000| Untracked |  0
| 122|0x000000070f400000, 0x000000070f400000, 0x000000070f600000|  0%| F|  |TAMS 0x000000070f400000| PB 0x000000070f400000| Untracked |  0
| 123|0x000000070f600000, 0x000000070f600000, 0x000000070f800000|  0%| F|  |TAMS 0x000000070f600000| PB 0x000000070f600000| Untracked |  0
| 124|0x000000070f800000, 0x000000070f800000, 0x000000070fa00000|  0%| F|  |TAMS 0x000000070f800000| PB 0x000000070f800000| Untracked |  0
| 125|0x000000070fa00000, 0x000000070fa00000, 0x000000070fc00000|  0%| F|  |TAMS 0x000000070fa00000| PB 0x000000070fa00000| Untracked |  0
| 126|0x000000070fc00000, 0x000000070fc00000, 0x000000070fe00000|  0%| F|  |TAMS 0x000000070fc00000| PB 0x000000070fc00000| Untracked |  0
| 127|0x000000070fe00000, 0x000000070fe00000, 0x0000000710000000|  0%| F|  |TAMS 0x000000070fe00000| PB 0x000000070fe00000| Untracked |  0
| 128|0x0000000710000000, 0x0000000710000000, 0x0000000710200000|  0%| F|  |TAMS 0x0000000710000000| PB 0x0000000710000000| Untracked |  0
| 129|0x0000000710200000, 0x0000000710200000, 0x0000000710400000|  0%| F|  |TAMS 0x0000000710200000| PB 0x0000000710200000| Untracked |  0
| 130|0x0000000710400000, 0x0000000710400000, 0x0000000710600000|  0%| F|  |TAMS 0x0000000710400000| PB 0x0000000710400000| Untracked |  0
| 131|0x0000000710600000, 0x0000000710600000, 0x0000000710800000|  0%| F|  |TAMS 0x0000000710600000| PB 0x0000000710600000| Untracked |  0
| 132|0x0000000710800000, 0x0000000710800000, 0x0000000710a00000|  0%| F|  |TAMS 0x0000000710800000| PB 0x0000000710800000| Untracked |  0
| 133|0x0000000710a00000, 0x0000000710a00000, 0x0000000710c00000|  0%| F|  |TAMS 0x0000000710a00000| PB 0x0000000710a00000| Untracked |  0
| 134|0x0000000710c00000, 0x0000000710c00000, 0x0000000710e00000|  0%| F|  |TAMS 0x0000000710c00000| PB 0x0000000710c00000| Untracked |  0
| 135|0x0000000710e00000, 0x0000000710e00000, 0x0000000711000000|  0%| F|  |TAMS 0x0000000710e00000| PB 0x0000000710e00000| Untracked |  0
| 136|0x0000000711000000, 0x0000000711000000, 0x0000000711200000|  0%| F|  |TAMS 0x0000000711000000| PB 0x0000000711000000| Untracked |  0
| 137|0x0000000711200000, 0x0000000711200000, 0x0000000711400000|  0%| F|  |TAMS 0x0000000711200000| PB 0x0000000711200000| Untracked |  0
| 138|0x0000000711400000, 0x0000000711400000, 0x0000000711600000|  0%| F|  |TAMS 0x0000000711400000| PB 0x0000000711400000| Untracked |  0
| 139|0x0000000711600000, 0x0000000711600000, 0x0000000711800000|  0%| F|  |TAMS 0x0000000711600000| PB 0x0000000711600000| Untracked |  0
| 140|0x0000000711800000, 0x0000000711800000, 0x0000000711a00000|  0%| F|  |TAMS 0x0000000711800000| PB 0x0000000711800000| Untracked |  0
| 141|0x0000000711a00000, 0x0000000711a00000, 0x0000000711c00000|  0%| F|  |TAMS 0x0000000711a00000| PB 0x0000000711a00000| Untracked |  0
| 142|0x0000000711c00000, 0x0000000711c00000, 0x0000000711e00000|  0%| F|  |TAMS 0x0000000711c00000| PB 0x0000000711c00000| Untracked |  0
| 143|0x0000000711e00000, 0x0000000711e00000, 0x0000000712000000|  0%| F|  |TAMS 0x0000000711e00000| PB 0x0000000711e00000| Untracked |  0
| 144|0x0000000712000000, 0x0000000712000000, 0x0000000712200000|  0%| F|  |TAMS 0x0000000712000000| PB 0x0000000712000000| Untracked |  0
| 145|0x0000000712200000, 0x0000000712200000, 0x0000000712400000|  0%| F|  |TAMS 0x0000000712200000| PB 0x0000000712200000| Untracked |  0
| 146|0x0000000712400000, 0x0000000712400000, 0x0000000712600000|  0%| F|  |TAMS 0x0000000712400000| PB 0x0000000712400000| Untracked |  0
| 147|0x0000000712600000, 0x0000000712600000, 0x0000000712800000|  0%| F|  |TAMS 0x0000000712600000| PB 0x0000000712600000| Untracked |  0
| 148|0x0000000712800000, 0x0000000712800000, 0x0000000712a00000|  0%| F|  |TAMS 0x0000000712800000| PB 0x0000000712800000| Untracked |  0
| 149|0x0000000712a00000, 0x0000000712a00000, 0x0000000712c00000|  0%| F|  |TAMS 0x0000000712a00000| PB 0x0000000712a00000| Untracked |  0
| 150|0x0000000712c00000, 0x0000000712c00000, 0x0000000712e00000|  0%| F|  |TAMS 0x0000000712c00000| PB 0x0000000712c00000| Untracked |  0
| 151|0x0000000712e00000, 0x0000000712e00000, 0x0000000713000000|  0%| F|  |TAMS 0x0000000712e00000| PB 0x0000000712e00000| Untracked |  0
| 152|0x0000000713000000, 0x0000000713000000, 0x0000000713200000|  0%| F|  |TAMS 0x0000000713000000| PB 0x0000000713000000| Untracked |  0
| 153|0x0000000713200000, 0x0000000713200000, 0x0000000713400000|  0%| F|  |TAMS 0x0000000713200000| PB 0x0000000713200000| Untracked |  0
| 154|0x0000000713400000, 0x0000000713400000, 0x0000000713600000|  0%| F|  |TAMS 0x0000000713400000| PB 0x0000000713400000| Untracked |  0
| 155|0x0000000713600000, 0x0000000713600000, 0x0000000713800000|  0%| F|  |TAMS 0x0000000713600000| PB 0x0000000713600000| Untracked |  0
| 156|0x0000000713800000, 0x0000000713800000, 0x0000000713a00000|  0%| F|  |TAMS 0x0000000713800000| PB 0x0000000713800000| Untracked |  0
| 157|0x0000000713a00000, 0x0000000713a00000, 0x0000000713c00000|  0%| F|  |TAMS 0x0000000713a00000| PB 0x0000000713a00000| Untracked |  0
| 158|0x0000000713c00000, 0x0000000713c00000, 0x0000000713e00000|  0%| F|  |TAMS 0x0000000713c00000| PB 0x0000000713c00000| Untracked |  0
| 159|0x0000000713e00000, 0x0000000713e00000, 0x0000000714000000|  0%| F|  |TAMS 0x0000000713e00000| PB 0x0000000713e00000| Untracked |  0
| 160|0x0000000714000000, 0x0000000714000000, 0x0000000714200000|  0%| F|  |TAMS 0x0000000714000000| PB 0x0000000714000000| Untracked |  0
| 161|0x0000000714200000, 0x0000000714200000, 0x0000000714400000|  0%| F|  |TAMS 0x0000000714200000| PB 0x0000000714200000| Untracked |  0
| 162|0x0000000714400000, 0x0000000714400000, 0x0000000714600000|  0%| F|  |TAMS 0x0000000714400000| PB 0x0000000714400000| Untracked |  0
| 163|0x0000000714600000, 0x0000000714600000, 0x0000000714800000|  0%| F|  |TAMS 0x0000000714600000| PB 0x0000000714600000| Untracked |  0
| 164|0x0000000714800000, 0x0000000714800000, 0x0000000714a00000|  0%| F|  |TAMS 0x0000000714800000| PB 0x0000000714800000| Untracked |  0
| 165|0x0000000714a00000, 0x0000000714a00000, 0x0000000714c00000|  0%| F|  |TAMS 0x0000000714a00000| PB 0x0000000714a00000| Untracked |  0
| 166|0x0000000714c00000, 0x0000000714c00000, 0x0000000714e00000|  0%| F|  |TAMS 0x0000000714c00000| PB 0x0000000714c00000| Untracked |  0
| 167|0x0000000714e00000, 0x0000000714e00000, 0x0000000715000000|  0%| F|  |TAMS 0x0000000714e00000| PB 0x0000000714e00000| Untracked |  0
| 168|0x0000000715000000, 0x0000000715000000, 0x0000000715200000|  0%| F|  |TAMS 0x0000000715000000| PB 0x0000000715000000| Untracked |  0
| 169|0x0000000715200000, 0x0000000715200000, 0x0000000715400000|  0%| F|  |TAMS 0x0000000715200000| PB 0x0000000715200000| Untracked |  0
| 170|0x0000000715400000, 0x0000000715400000, 0x0000000715600000|  0%| F|  |TAMS 0x0000000715400000| PB 0x0000000715400000| Untracked |  0
| 171|0x0000000715600000, 0x0000000715600000, 0x0000000715800000|  0%| F|  |TAMS 0x0000000715600000| PB 0x0000000715600000| Untracked |  0
| 172|0x0000000715800000, 0x0000000715800000, 0x0000000715a00000|  0%| F|  |TAMS 0x0000000715800000| PB 0x0000000715800000| Untracked |  0
| 173|0x0000000715a00000, 0x0000000715a00000, 0x0000000715c00000|  0%| F|  |TAMS 0x0000000715a00000| PB 0x0000000715a00000| Untracked |  0
| 174|0x0000000715c00000, 0x0000000715c00000, 0x0000000715e00000|  0%| F|  |TAMS 0x0000000715c00000| PB 0x0000000715c00000| Untracked |  0
| 175|0x0000000715e00000, 0x0000000715e00000, 0x0000000716000000|  0%| F|  |TAMS 0x0000000715e00000| PB 0x0000000715e00000| Untracked |  0
| 176|0x0000000716000000, 0x0000000716000000, 0x0000000716200000|  0%| F|  |TAMS 0x0000000716000000| PB 0x0000000716000000| Untracked |  0
| 177|0x0000000716200000, 0x0000000716200000, 0x0000000716400000|  0%| F|  |TAMS 0x0000000716200000| PB 0x0000000716200000| Untracked |  0
| 178|0x0000000716400000, 0x0000000716400000, 0x0000000716600000|  0%| F|  |TAMS 0x0000000716400000| PB 0x0000000716400000| Untracked |  0
| 179|0x0000000716600000, 0x0000000716600000, 0x0000000716800000|  0%| F|  |TAMS 0x0000000716600000| PB 0x0000000716600000| Untracked |  0
| 180|0x0000000716800000, 0x0000000716800000, 0x0000000716a00000|  0%| F|  |TAMS 0x0000000716800000| PB 0x0000000716800000| Untracked |  0
| 181|0x0000000716a00000, 0x0000000716a00000, 0x0000000716c00000|  0%| F|  |TAMS 0x0000000716a00000| PB 0x0000000716a00000| Untracked |  0
| 182|0x0000000716c00000, 0x0000000716c00000, 0x0000000716e00000|  0%| F|  |TAMS 0x0000000716c00000| PB 0x0000000716c00000| Untracked |  0
| 183|0x0000000716e00000, 0x0000000716e00000, 0x0000000717000000|  0%| F|  |TAMS 0x0000000716e00000| PB 0x0000000716e00000| Untracked |  0
| 184|0x0000000717000000, 0x0000000717000000, 0x0000000717200000|  0%| F|  |TAMS 0x0000000717000000| PB 0x0000000717000000| Untracked |  0
| 185|0x0000000717200000, 0x0000000717200000, 0x0000000717400000|  0%| F|  |TAMS 0x0000000717200000| PB 0x0000000717200000| Untracked |  0
| 186|0x0000000717400000, 0x0000000717400000, 0x0000000717600000|  0%| F|  |TAMS 0x0000000717400000| PB 0x0000000717400000| Untracked |  0
| 187|0x0000000717600000, 0x0000000717600000, 0x0000000717800000|  0%| F|  |TAMS 0x0000000717600000| PB 0x0000000717600000| Untracked |  0
| 188|0x0000000717800000, 0x0000000717800000, 0x0000000717a00000|  0%| F|  |TAMS 0x0000000717800000| PB 0x0000000717800000| Untracked |  0
| 189|0x0000000717a00000, 0x0000000717a00000, 0x0000000717c00000|  0%| F|  |TAMS 0x0000000717a00000| PB 0x0000000717a00000| Untracked |  0
| 190|0x0000000717c00000, 0x0000000717c00000, 0x0000000717e00000|  0%| F|  |TAMS 0x0000000717c00000| PB 0x0000000717c00000| Untracked |  0
| 191|0x0000000717e00000, 0x0000000717e00000, 0x0000000718000000|  0%| F|  |TAMS 0x0000000717e00000| PB 0x0000000717e00000| Untracked |  0
| 192|0x0000000718000000, 0x0000000718000000, 0x0000000718200000|  0%| F|  |TAMS 0x0000000718000000| PB 0x0000000718000000| Untracked |  0
| 193|0x0000000718200000, 0x0000000718200000, 0x0000000718400000|  0%| F|  |TAMS 0x0000000718200000| PB 0x0000000718200000| Untracked |  0
| 194|0x0000000718400000, 0x0000000718400000, 0x0000000718600000|  0%| F|  |TAMS 0x0000000718400000| PB 0x0000000718400000| Untracked |  0
| 195|0x0000000718600000, 0x0000000718600000, 0x0000000718800000|  0%| F|  |TAMS 0x0000000718600000| PB 0x0000000718600000| Untracked |  0
| 196|0x0000000718800000, 0x0000000718800000, 0x0000000718a00000|  0%| F|  |TAMS 0x0000000718800000| PB 0x0000000718800000| Untracked |  0
| 197|0x0000000718a00000, 0x0000000718a00000, 0x0000000718c00000|  0%| F|  |TAMS 0x0000000718a00000| PB 0x0000000718a00000| Untracked |  0
| 198|0x0000000718c00000, 0x0000000718c00000, 0x0000000718e00000|  0%| F|  |TAMS 0x0000000718c00000| PB 0x0000000718c00000| Untracked |  0
| 199|0x0000000718e00000, 0x0000000718e00000, 0x0000000719000000|  0%| F|  |TAMS 0x0000000718e00000| PB 0x0000000718e00000| Untracked |  0
| 200|0x0000000719000000, 0x0000000719000000, 0x0000000719200000|  0%| F|  |TAMS 0x0000000719000000| PB 0x0000000719000000| Untracked |  0
| 201|0x0000000719200000, 0x0000000719200000, 0x0000000719400000|  0%| F|  |TAMS 0x0000000719200000| PB 0x0000000719200000| Untracked |  0
| 202|0x0000000719400000, 0x0000000719400000, 0x0000000719600000|  0%| F|  |TAMS 0x0000000719400000| PB 0x0000000719400000| Untracked |  0
| 203|0x0000000719600000, 0x0000000719600000, 0x0000000719800000|  0%| F|  |TAMS 0x0000000719600000| PB 0x0000000719600000| Untracked |  0
| 204|0x0000000719800000, 0x0000000719800000, 0x0000000719a00000|  0%| F|  |TAMS 0x0000000719800000| PB 0x0000000719800000| Untracked |  0
| 205|0x0000000719a00000, 0x0000000719a00000, 0x0000000719c00000|  0%| F|  |TAMS 0x0000000719a00000| PB 0x0000000719a00000| Untracked |  0
| 206|0x0000000719c00000, 0x0000000719c00000, 0x0000000719e00000|  0%| F|  |TAMS 0x0000000719c00000| PB 0x0000000719c00000| Untracked |  0
| 207|0x0000000719e00000, 0x0000000719e00000, 0x000000071a000000|  0%| F|  |TAMS 0x0000000719e00000| PB 0x0000000719e00000| Untracked |  0
| 208|0x000000071a000000, 0x000000071a000000, 0x000000071a200000|  0%| F|  |TAMS 0x000000071a000000| PB 0x000000071a000000| Untracked |  0
| 209|0x000000071a200000, 0x000000071a200000, 0x000000071a400000|  0%| F|  |TAMS 0x000000071a200000| PB 0x000000071a200000| Untracked |  0
| 210|0x000000071a400000, 0x000000071a400000, 0x000000071a600000|  0%| F|  |TAMS 0x000000071a400000| PB 0x000000071a400000| Untracked |  0
| 211|0x000000071a600000, 0x000000071a600000, 0x000000071a800000|  0%| F|  |TAMS 0x000000071a600000| PB 0x000000071a600000| Untracked |  0
| 212|0x000000071a800000, 0x000000071a800000, 0x000000071aa00000|  0%| F|  |TAMS 0x000000071a800000| PB 0x000000071a800000| Untracked |  0
| 213|0x000000071aa00000, 0x000000071aa00000, 0x000000071ac00000|  0%| F|  |TAMS 0x000000071aa00000| PB 0x000000071aa00000| Untracked |  0
| 214|0x000000071ac00000, 0x000000071ac00000, 0x000000071ae00000|  0%| F|  |TAMS 0x000000071ac00000| PB 0x000000071ac00000| Untracked |  0
| 215|0x000000071ae00000, 0x000000071ae00000, 0x000000071b000000|  0%| F|  |TAMS 0x000000071ae00000| PB 0x000000071ae00000| Untracked |  0
| 216|0x000000071b000000, 0x000000071b000000, 0x000000071b200000|  0%| F|  |TAMS 0x000000071b000000| PB 0x000000071b000000| Untracked |  0
| 217|0x000000071b200000, 0x000000071b200000, 0x000000071b400000|  0%| F|  |TAMS 0x000000071b200000| PB 0x000000071b200000| Untracked |  0
| 218|0x000000071b400000, 0x000000071b400000, 0x000000071b600000|  0%| F|  |TAMS 0x000000071b400000| PB 0x000000071b400000| Untracked |  0
| 219|0x000000071b600000, 0x000000071b600000, 0x000000071b800000|  0%| F|  |TAMS 0x000000071b600000| PB 0x000000071b600000| Untracked |  0
| 220|0x000000071b800000, 0x000000071b800000, 0x000000071ba00000|  0%| F|  |TAMS 0x000000071b800000| PB 0x000000071b800000| Untracked |  0
| 221|0x000000071ba00000, 0x000000071ba00000, 0x000000071bc00000|  0%| F|  |TAMS 0x000000071ba00000| PB 0x000000071ba00000| Untracked |  0
| 222|0x000000071bc00000, 0x000000071bc00000, 0x000000071be00000|  0%| F|  |TAMS 0x000000071bc00000| PB 0x000000071bc00000| Untracked |  0
| 223|0x000000071be00000, 0x000000071be00000, 0x000000071c000000|  0%| F|  |TAMS 0x000000071be00000| PB 0x000000071be00000| Untracked |  0
| 224|0x000000071c000000, 0x000000071c000000, 0x000000071c200000|  0%| F|  |TAMS 0x000000071c000000| PB 0x000000071c000000| Untracked |  0
| 225|0x000000071c200000, 0x000000071c200000, 0x000000071c400000|  0%| F|  |TAMS 0x000000071c200000| PB 0x000000071c200000| Untracked |  0
| 226|0x000000071c400000, 0x000000071c400000, 0x000000071c600000|  0%| F|  |TAMS 0x000000071c400000| PB 0x000000071c400000| Untracked |  0
| 227|0x000000071c600000, 0x000000071c6aac20, 0x000000071c800000| 33%| E|  |TAMS 0x000000071c600000| PB 0x000000071c600000| Complete |  0
| 228|0x000000071c800000, 0x000000071c9b1020, 0x000000071ca00000| 84%| S|CS|TAMS 0x000000071c800000| PB 0x000000071c800000| Complete |  0
| 229|0x000000071ca00000, 0x000000071cc00000, 0x000000071cc00000|100%| S|CS|TAMS 0x000000071ca00000| PB 0x000000071ca00000| Complete |  0
| 230|0x000000071cc00000, 0x000000071ce00000, 0x000000071ce00000|100%| E|CS|TAMS 0x000000071cc00000| PB 0x000000071cc00000| Complete |  0
| 231|0x000000071ce00000, 0x000000071d000000, 0x000000071d000000|100%| E|CS|TAMS 0x000000071ce00000| PB 0x000000071ce00000| Complete |  0
| 232|0x000000071d000000, 0x000000071d200000, 0x000000071d200000|100%| E|CS|TAMS 0x000000071d000000| PB 0x000000071d000000| Complete |  0
| 233|0x000000071d200000, 0x000000071d400000, 0x000000071d400000|100%| E|CS|TAMS 0x000000071d200000| PB 0x000000071d200000| Complete |  0
| 234|0x000000071d400000, 0x000000071d600000, 0x000000071d600000|100%| E|CS|TAMS 0x000000071d400000| PB 0x000000071d400000| Complete |  0
| 235|0x000000071d600000, 0x000000071d800000, 0x000000071d800000|100%| E|CS|TAMS 0x000000071d600000| PB 0x000000071d600000| Complete |  0
| 236|0x000000071d800000, 0x000000071da00000, 0x000000071da00000|100%| E|CS|TAMS 0x000000071d800000| PB 0x000000071d800000| Complete |  0
| 237|0x000000071da00000, 0x000000071dc00000, 0x000000071dc00000|100%| E|CS|TAMS 0x000000071da00000| PB 0x000000071da00000| Complete |  0
| 238|0x000000071dc00000, 0x000000071de00000, 0x000000071de00000|100%| E|CS|TAMS 0x000000071dc00000| PB 0x000000071dc00000| Complete |  0
| 239|0x000000071de00000, 0x000000071e000000, 0x000000071e000000|100%| E|CS|TAMS 0x000000071de00000| PB 0x000000071de00000| Complete |  0
|2047|0x00000007ffe00000, 0x0000000800000000, 0x0000000800000000|100%| E|CS|TAMS 0x00000007ffe00000| PB 0x00000007ffe00000| Complete |  0

Card table byte_map: [0x000001fe1f000000,0x000001fe1f800000] _byte_map_base: 0x000001fe1b800000

Marking Bits: (CMBitMap*) 0x000001fe07128c30
 Bits: [0x000001fe1f800000, 0x000001fe23800000)

Polling page: 0x000001fe04f10000

Metaspace:

Usage:
  Non-class:    123.15 MB used.
      Class:     18.45 MB used.
       Both:    141.60 MB used.

Virtual space:
  Non-class space:      128.00 MB reserved,     124.44 MB ( 97%) committed,  2 nodes.
      Class space:        1.00 GB reserved,      19.56 MB (  2%) committed,  1 nodes.
             Both:        1.12 GB reserved,     144.00 MB ( 12%) committed. 

Chunk freelists:
   Non-Class:  3.30 MB
       Class:  12.25 MB
        Both:  15.55 MB

MaxMetaspaceSize: unlimited
CompressedClassSpaceSize: 1.00 GB
Initial GC threshold: 21.00 MB
Current GC threshold: 211.50 MB
CDS: on
 - commit_granule_bytes: 65536.
 - commit_granule_words: 8192.
 - virtual_space_node_default_size: 8388608.
 - enlarge_chunks_in_place: 1.
 - use_allocation_guard: 0.


Internal statistics:

num_allocs_failed_limit: 6.
num_arena_births: 4198.
num_arena_deaths: 0.
num_vsnodes_births: 3.
num_vsnodes_deaths: 0.
num_space_committed: 2303.
num_space_uncommitted: 0.
num_chunks_returned_to_freelist: 6.
num_chunks_taken_from_freelist: 9858.
num_chunk_merges: 6.
num_chunk_splits: 7077.
num_chunks_enlarged: 5235.
num_inconsistent_stats: 0.

CodeHeap 'non-profiled nmethods': size=120064Kb used=8064Kb max_used=8064Kb free=111999Kb
 bounds [0x000001fe172c0000, 0x000001fe17ab0000, 0x000001fe1e800000]
CodeHeap 'profiled nmethods': size=120000Kb used=35790Kb max_used=35790Kb free=84209Kb
 bounds [0x000001fe0f800000, 0x000001fe11b00000, 0x000001fe16d30000]
CodeHeap 'non-nmethods': size=5696Kb used=2453Kb max_used=2537Kb free=3242Kb
 bounds [0x000001fe16d30000, 0x000001fe16fe0000, 0x000001fe172c0000]
CodeCache: size=245760Kb, used=46307Kb, max_used=46391Kb, free=199450Kb
 total_blobs=18763, nmethods=17633, adapters=1033, full_count=0
Compilation: enabled, stopped_count=0, restarted_count=0

Compilation events (20 events):
Event: 467.940 Thread 0x000001fe25d93810 19839       3       org.jetbrains.kotlin.fir.declarations.builder.FirPrimaryConstructorBuilder::setStatus (12 bytes)
Event: 467.940 Thread 0x000001fe25d93810 nmethod 19839 0x000001fe11af1508 code [0x000001fe11af16a0, 0x000001fe11af1c80]
Event: 467.940 Thread 0x000001fe25d93810 19840       3       org.jetbrains.kotlin.fir.declarations.builder.FirPrimaryConstructorBuilder::setSymbol (12 bytes)
Event: 467.941 Thread 0x000001fe25d93810 nmethod 19840 0x000001fe11af1d08 code [0x000001fe11af1ea0, 0x000001fe11af2480]
Event: 467.941 Thread 0x000001fe25d93810 19841       3       org.jetbrains.kotlin.fir.declarations.builder.FirPrimaryConstructorBuilder::setReturnTypeRef (12 bytes)
Event: 467.941 Thread 0x000001fe25d93810 nmethod 19841 0x000001fe11af2508 code [0x000001fe11af26a0, 0x000001fe11af2c80]
Event: 467.942 Thread 0x000001fe25d93810 19842       1       org.jetbrains.kotlin.fir.descriptors.FirPackageFragmentDescriptor::getContainingDeclaration (5 bytes)
Event: 467.942 Thread 0x000001fe25d93810 nmethod 19842 0x000001fe17a9f788 code [0x000001fe17a9f8a0, 0x000001fe17a9f970]
Event: 467.942 Thread 0x000001fe25d93810 19843       1       org.jetbrains.kotlin.fir.descriptors.FirPackageFragmentDescriptor::getFqName (5 bytes)
Event: 467.942 Thread 0x000001fe25d93810 nmethod 19843 0x000001fe17a9fa88 code [0x000001fe17a9fba0, 0x000001fe17a9fc70]
Event: 467.950 Thread 0x000001fe25d93810 19844       3       java.util.Collections$SingletonMap::get (20 bytes)
Event: 467.954 Thread 0x000001fe25d93810 nmethod 19844 0x000001fe11af2d08 code [0x000001fe11af2e40, 0x000001fe11af3198]
Event: 467.954 Thread 0x000001fe25d93810 19845       3       org.jetbrains.kotlin.com.intellij.psi.stubs.StubList::access$200 (6 bytes)
Event: 467.955 Thread 0x000001fe25d93810 nmethod 19845 0x000001fe11af3208 code [0x000001fe11af3360, 0x000001fe11af36d8]
Event: 467.955 Thread 0x000001fe25d93810 19846       3       org.jetbrains.kotlin.com.intellij.psi.stubs.StubList::access$300 (5 bytes)
Event: 467.955 Thread 0x000001fe25d93810 nmethod 19846 0x000001fe11af3788 code [0x000001fe11af38c0, 0x000001fe11af3af0]
Event: 467.955 Thread 0x000001fe25d93810 19847       1       org.jetbrains.kotlin.com.intellij.util.containers.UnsignedShortArrayList::size (5 bytes)
Event: 467.955 Thread 0x000001fe25d93810 nmethod 19847 0x000001fe17a9fd88 code [0x000001fe17a9fea0, 0x000001fe17a9ff68]
Event: 467.955 Thread 0x000001fe25d93810 19848       1       org.jetbrains.kotlin.com.intellij.openapi.util.RecursionManager$CalculationStack::access$500 (5 bytes)
Event: 467.955 Thread 0x000001fe25d93810 nmethod 19848 0x000001fe17aa0088 code [0x000001fe17aa01a0, 0x000001fe17aa0250]

GC Heap History (20 events):
Event: 389.155 GC heap before
{Heap before GC invocations=66 (full 0):
 garbage-first heap   total reserved 4194304K, committed 317440K, used 170692K [0x0000000700000000, 0x0000000800000000)
  region size 2048K, 25 young (51200K), 1 survivors (2048K)
 Metaspace       used 130993K, committed 133376K, reserved 1179648K
  class space    used 17491K, committed 18624K, reserved 1048576K
}
Event: 389.212 GC heap after
{Heap after GC invocations=67 (full 0):
 garbage-first heap   total reserved 4194304K, committed 317440K, used 127674K [0x0000000700000000, 0x0000000800000000)
  region size 2048K, 3 young (6144K), 3 survivors (6144K)
 Metaspace       used 130993K, committed 133376K, reserved 1179648K
  class space    used 17491K, committed 18624K, reserved 1048576K
}
Event: 396.713 GC heap before
{Heap before GC invocations=67 (full 0):
 garbage-first heap   total reserved 4194304K, committed 317440K, used 172730K [0x0000000700000000, 0x0000000800000000)
  region size 2048K, 26 young (53248K), 3 survivors (6144K)
 Metaspace       used 132824K, committed 135232K, reserved 1179648K
  class space    used 17761K, committed 18880K, reserved 1048576K
}
Event: 396.910 GC heap after
{Heap after GC invocations=68 (full 0):
 garbage-first heap   total reserved 4194304K, committed 317440K, used 128550K [0x0000000700000000, 0x0000000800000000)
  region size 2048K, 4 young (8192K), 4 survivors (8192K)
 Metaspace       used 132824K, committed 135232K, reserved 1179648K
  class space    used 17761K, committed 18880K, reserved 1048576K
}
Event: 405.856 GC heap before
{Heap before GC invocations=68 (full 0):
 garbage-first heap   total reserved 4194304K, committed 317440K, used 165414K [0x0000000700000000, 0x0000000800000000)
  region size 2048K, 22 young (45056K), 4 survivors (8192K)
 Metaspace       used 135346K, committed 137792K, reserved 1179648K
  class space    used 18081K, committed 19264K, reserved 1048576K
}
Event: 405.925 GC heap after
{Heap after GC invocations=69 (full 0):
 garbage-first heap   total reserved 4194304K, committed 317440K, used 126365K [0x0000000700000000, 0x0000000800000000)
  region size 2048K, 1 young (2048K), 1 survivors (2048K)
 Metaspace       used 135346K, committed 137792K, reserved 1179648K
  class space    used 18081K, committed 19264K, reserved 1048576K
}
Event: 419.235 GC heap before
{Heap before GC invocations=69 (full 0):
 garbage-first heap   total reserved 4194304K, committed 317440K, used 204189K [0x0000000700000000, 0x0000000800000000)
  region size 2048K, 36 young (73728K), 1 survivors (2048K)
 Metaspace       used 139928K, committed 142400K, reserved 1179648K
  class space    used 18594K, committed 19776K, reserved 1048576K
}
Event: 419.375 GC heap after
{Heap after GC invocations=70 (full 0):
 garbage-first heap   total reserved 4194304K, committed 317440K, used 125763K [0x0000000700000000, 0x0000000800000000)
  region size 2048K, 3 young (6144K), 3 survivors (6144K)
 Metaspace       used 139928K, committed 142400K, reserved 1179648K
  class space    used 18594K, committed 19776K, reserved 1048576K
}
Event: 432.977 GC heap before
{Heap before GC invocations=70 (full 0):
 garbage-first heap   total reserved 4194304K, committed 317440K, used 166723K [0x0000000700000000, 0x0000000800000000)
  region size 2048K, 23 young (47104K), 3 survivors (6144K)
 Metaspace       used 140504K, committed 142912K, reserved 1179648K
  class space    used 18626K, committed 19776K, reserved 1048576K
}
Event: 433.121 GC heap after
{Heap after GC invocations=71 (full 0):
 garbage-first heap   total reserved 4194304K, committed 317440K, used 126601K [0x0000000700000000, 0x0000000800000000)
  region size 2048K, 3 young (6144K), 3 survivors (6144K)
 Metaspace       used 140504K, committed 142912K, reserved 1179648K
  class space    used 18626K, committed 19776K, reserved 1048576K
}
Event: 433.914 GC heap before
{Heap before GC invocations=71 (full 0):
 garbage-first heap   total reserved 4194304K, committed 317440K, used 163465K [0x0000000700000000, 0x0000000800000000)
  region size 2048K, 21 young (43008K), 3 survivors (6144K)
 Metaspace       used 140515K, committed 142912K, reserved 1179648K
  class space    used 18626K, committed 19776K, reserved 1048576K
}
Event: 434.017 GC heap after
{Heap after GC invocations=72 (full 0):
 garbage-first heap   total reserved 4194304K, committed 317440K, used 138962K [0x0000000700000000, 0x0000000800000000)
  region size 2048K, 3 young (6144K), 3 survivors (6144K)
 Metaspace       used 140515K, committed 142912K, reserved 1179648K
  class space    used 18626K, committed 19776K, reserved 1048576K
}
Event: 436.534 GC heap before
{Heap before GC invocations=72 (full 0):
 garbage-first heap   total reserved 4194304K, committed 317440K, used 177874K [0x0000000700000000, 0x0000000800000000)
  region size 2048K, 23 young (47104K), 3 survivors (6144K)
 Metaspace       used 140812K, committed 143232K, reserved 1179648K
  class space    used 18628K, committed 19776K, reserved 1048576K
}
Event: 436.695 GC heap after
{Heap after GC invocations=73 (full 0):
 garbage-first heap   total reserved 4194304K, committed 317440K, used 155648K [0x0000000700000000, 0x0000000800000000)
  region size 2048K, 3 young (6144K), 3 survivors (6144K)
 Metaspace       used 140812K, committed 143232K, reserved 1179648K
  class space    used 18628K, committed 19776K, reserved 1048576K
}
Event: 441.218 GC heap before
{Heap before GC invocations=73 (full 0):
 garbage-first heap   total reserved 4194304K, committed 317440K, used 174080K [0x0000000700000000, 0x0000000800000000)
  region size 2048K, 12 young (24576K), 3 survivors (6144K)
 Metaspace       used 141038K, committed 143488K, reserved 1179648K
  class space    used 18650K, committed 19840K, reserved 1048576K
}
Event: 441.295 GC heap after
{Heap after GC invocations=74 (full 0):
 garbage-first heap   total reserved 4194304K, committed 317440K, used 159744K [0x0000000700000000, 0x0000000800000000)
  region size 2048K, 2 young (4096K), 2 survivors (4096K)
 Metaspace       used 141038K, committed 143488K, reserved 1179648K
  class space    used 18650K, committed 19840K, reserved 1048576K
}
Event: 451.782 GC heap before
{Heap before GC invocations=74 (full 0):
 garbage-first heap   total reserved 4194304K, committed 317440K, used 233472K [0x0000000700000000, 0x0000000800000000)
  region size 2048K, 38 young (77824K), 2 survivors (4096K)
 Metaspace       used 141959K, committed 144384K, reserved 1179648K
  class space    used 18673K, committed 19840K, reserved 1048576K
}
Event: 451.998 GC heap after
{Heap after GC invocations=75 (full 0):
 garbage-first heap   total reserved 4194304K, committed 493568K, used 180224K [0x0000000700000000, 0x0000000800000000)
  region size 2048K, 5 young (10240K), 5 survivors (10240K)
 Metaspace       used 141959K, committed 144384K, reserved 1179648K
  class space    used 18673K, committed 19840K, reserved 1048576K
}
Event: 459.081 GC heap before
{Heap before GC invocations=75 (full 0):
 garbage-first heap   total reserved 4194304K, committed 493568K, used 202752K [0x0000000700000000, 0x0000000800000000)
  region size 2048K, 16 young (32768K), 5 survivors (10240K)
 Metaspace       used 143211K, committed 145664K, reserved 1179648K
  class space    used 18786K, committed 19968K, reserved 1048576K
}
Event: 459.189 GC heap after
{Heap after GC invocations=76 (full 0):
 garbage-first heap   total reserved 4194304K, committed 493568K, used 184587K [0x0000000700000000, 0x0000000800000000)
  region size 2048K, 2 young (4096K), 2 survivors (4096K)
 Metaspace       used 143211K, committed 145664K, reserved 1179648K
  class space    used 18786K, committed 19968K, reserved 1048576K
}

Dll operation events (15 events):
Event: 0.051 Loaded shared library C:\Program Files\Java\jdk-23\bin\java.dll
Event: 0.421 Loaded shared library C:\Program Files\Java\jdk-23\bin\jsvml.dll
Event: 0.608 Loaded shared library C:\Program Files\Java\jdk-23\bin\zip.dll
Event: 0.674 Loaded shared library C:\Program Files\Java\jdk-23\bin\instrument.dll
Event: 0.736 Loaded shared library C:\Program Files\Java\jdk-23\bin\net.dll
Event: 0.778 Loaded shared library C:\Program Files\Java\jdk-23\bin\nio.dll
Event: 0.786 Loaded shared library C:\Program Files\Java\jdk-23\bin\zip.dll
Event: 2.768 Loaded shared library C:\Program Files\Java\jdk-23\bin\jimage.dll
Event: 4.049 Loaded shared library C:\Program Files\Java\jdk-23\bin\verify.dll
Event: 4.222 Loaded shared library C:\Users\next\.gradle\native\660c5614fbf4a5f2a75b1949f50a0caf5cd603558e7d8a26e50b933a0cfb79d1\windows-amd64\native-platform.dll
Event: 4.285 Loaded shared library C:\Users\next\.gradle\native\0.2.8\x86_64-windows-gnu\gradle-fileevents.dll
Event: 10.206 Loaded shared library C:\Program Files\Java\jdk-23\bin\management.dll
Event: 10.219 Loaded shared library C:\Program Files\Java\jdk-23\bin\management_ext.dll
Event: 11.317 Loaded shared library C:\Program Files\Java\jdk-23\bin\extnet.dll
Event: 12.481 Loaded shared library C:\Program Files\Java\jdk-23\bin\sunmscapi.dll

Deoptimization events (20 events):
Event: 461.254 Thread 0x000001fe6bfd0dd0 Uncommon trap: trap_request=0xffffffde fr.pc=0x000001fe17a0511c relative=0x00000000000004dc
Event: 461.254 Thread 0x000001fe6bfd0dd0 Uncommon trap: reason=class_check action=maybe_recompile pc=0x000001fe17a0511c method=kotlin.jvm.internal.CollectionToArray.toArray(Ljava/util/Collection;)[Ljava/lang/Object; @ 32 c2
Event: 461.255 Thread 0x000001fe6bfd0dd0 DEOPT PACKING pc=0x000001fe17a0511c sp=0x00000025516f07f0
Event: 461.255 Thread 0x000001fe6bfd0dd0 DEOPT UNPACKING pc=0x000001fe16d84402 sp=0x00000025516f0768 mode 2
Event: 461.256 Thread 0x000001fe6bfd0dd0 Uncommon trap: trap_request=0xffffffde fr.pc=0x000001fe17a0511c relative=0x00000000000004dc
Event: 461.256 Thread 0x000001fe6bfd0dd0 Uncommon trap: reason=class_check action=maybe_recompile pc=0x000001fe17a0511c method=kotlin.jvm.internal.CollectionToArray.toArray(Ljava/util/Collection;)[Ljava/lang/Object; @ 32 c2
Event: 461.256 Thread 0x000001fe6bfd0dd0 DEOPT PACKING pc=0x000001fe17a0511c sp=0x00000025516f07f0
Event: 461.256 Thread 0x000001fe6bfd0dd0 DEOPT UNPACKING pc=0x000001fe16d84402 sp=0x00000025516f0768 mode 2
Event: 463.626 Thread 0x000001fe6bfd0dd0 Uncommon trap: trap_request=0xffffffde fr.pc=0x000001fe17643ca0 relative=0x0000000000005600
Event: 463.626 Thread 0x000001fe6bfd0dd0 Uncommon trap: reason=class_check action=maybe_recompile pc=0x000001fe17643ca0 method=org.jetbrains.org.objectweb.asm.ClassReader.readMethod(Lorg/jetbrains/org/objectweb/asm/ClassVisitor;Lorg/jetbrains/org/objectweb/asm/Context;I)I @ 674 c2
Event: 463.626 Thread 0x000001fe6bfd0dd0 DEOPT PACKING pc=0x000001fe17643ca0 sp=0x00000025516f1a50
Event: 463.626 Thread 0x000001fe6bfd0dd0 DEOPT UNPACKING pc=0x000001fe16d84402 sp=0x00000025516f1a78 mode 2
Event: 463.627 Thread 0x000001fe6bfd0dd0 Uncommon trap: trap_request=0xffffffde fr.pc=0x000001fe17643ca0 relative=0x0000000000005600
Event: 463.627 Thread 0x000001fe6bfd0dd0 Uncommon trap: reason=class_check action=maybe_recompile pc=0x000001fe17643ca0 method=org.jetbrains.org.objectweb.asm.ClassReader.readMethod(Lorg/jetbrains/org/objectweb/asm/ClassVisitor;Lorg/jetbrains/org/objectweb/asm/Context;I)I @ 674 c2
Event: 463.627 Thread 0x000001fe6bfd0dd0 DEOPT PACKING pc=0x000001fe17643ca0 sp=0x00000025516f1a50
Event: 463.627 Thread 0x000001fe6bfd0dd0 DEOPT UNPACKING pc=0x000001fe16d84402 sp=0x00000025516f1a78 mode 2
Event: 463.695 Thread 0x000001fe6bfd0dd0 Uncommon trap: trap_request=0xfffffff4 fr.pc=0x000001fe179e2e28 relative=0x0000000000000968
Event: 463.695 Thread 0x000001fe6bfd0dd0 Uncommon trap: reason=null_check action=make_not_entrant pc=0x000001fe179e2e28 method=org.jetbrains.kotlin.fir.resolve.ToSymbolUtilsKt.toSymbol(Lorg/jetbrains/kotlin/fir/types/ConeClassLikeLookupTag;Lorg/jetbrains/kotlin/fir/FirSession;)Lorg/jetbrains/kot
Event: 463.695 Thread 0x000001fe6bfd0dd0 DEOPT PACKING pc=0x000001fe179e2e28 sp=0x00000025516f1fe0
Event: 463.695 Thread 0x000001fe6bfd0dd0 DEOPT UNPACKING pc=0x000001fe16d84402 sp=0x00000025516f1f80 mode 2

Classes loaded (20 events):
Event: 391.554 Loading class sun/security/provider/DSAPublicKey done
Event: 391.554 Loading class sun/security/provider/DSAPublicKeyImpl done
Event: 391.788 Loading class sun/security/provider/DSA$SHA256withDSA
Event: 391.789 Loading class sun/security/provider/DSA
Event: 391.819 Loading class sun/security/provider/DSA done
Event: 391.819 Loading class sun/security/provider/DSA$SHA256withDSA done
Event: 391.822 Loading class java/security/interfaces/DSAPrivateKey
Event: 391.824 Loading class java/security/interfaces/DSAPrivateKey done
Event: 391.825 Loading class java/security/interfaces/DSAParams
Event: 391.825 Loading class java/security/interfaces/DSAParams done
Event: 391.825 Loading class java/security/spec/DSAParameterSpec
Event: 391.825 Loading class java/security/spec/DSAParameterSpec done
Event: 391.826 Loading class java/math/SignedMutableBigInteger
Event: 391.829 Loading class java/math/SignedMutableBigInteger done
Event: 397.558 Loading class sun/reflect/annotation/AnnotationInvocationHandler$1
Event: 397.569 Loading class sun/reflect/annotation/AnnotationInvocationHandler$1 done
Event: 404.084 Loading class java/security/KeyStore
Event: 404.109 Loading class java/security/KeyStore done
Event: 409.938 Loading class java/util/regex/Pattern$Neg
Event: 409.941 Loading class java/util/regex/Pattern$Neg done

Classes unloaded (0 events):
No events

Classes redefined (0 events):
No events

Internal exceptions (20 events):
Event: 383.846 Thread 0x000001fe6bfd0dd0 Exception <a 'java/lang/NoSuchMethodError'{0x0000000711dd6fc0}: static Lorg/jetbrains/kotlin/gradle/plugin/internal/DefaultProjectIsolationStartParameterAccessor$Factory;.<clinit>()V> (0x0000000711dd6fc0) 
thrown [s\open\src\hotspot\share\prims\jni.cpp, line 1111]
Event: 383.925 Thread 0x000001fe6bfd0dd0 Exception <a 'java/lang/NoSuchMethodError'{0x0000000711dfa910}: static Lorg/jetbrains/kotlin/gradle/plugin/internal/DefaultJavaExecTaskParametersCompatibility$Factory;.<clinit>()V> (0x0000000711dfa910) 
thrown [s\open\src\hotspot\share\prims\jni.cpp, line 1111]
Event: 383.934 Thread 0x000001fe6bfd0dd0 Exception <a 'java/lang/NoSuchMethodError'{0x0000000711a2e980}: static Lorg/jetbrains/kotlin/gradle/plugin/internal/DefaultMavenPublicationComponentAccessorFactory;.<clinit>()V> (0x0000000711a2e980) 
thrown [s\open\src\hotspot\share\prims\jni.cpp, line 1111]
Event: 383.939 Thread 0x000001fe6bfd0dd0 Exception <a 'java/lang/NoSuchMethodError'{0x0000000711a50cb8}: static Lorg/jetbrains/kotlin/gradle/plugin/diagnostics/DefaultProblemsReporter$Factory;.<clinit>()V> (0x0000000711a50cb8) 
thrown [s\open\src\hotspot\share\prims\jni.cpp, line 1111]
Event: 383.954 Thread 0x000001fe6bfd0dd0 Exception <a 'java/lang/NoSuchMethodError'{0x0000000711a807d0}: static Lorg/jetbrains/kotlin/gradle/plugin/internal/DefaultCompatibilityConventionRegistrar$Factory;.<clinit>()V> (0x0000000711a807d0) 
thrown [s\open\src\hotspot\share\prims\jni.cpp, line 1111]
Event: 383.967 Thread 0x000001fe6bfd0dd0 Exception <a 'java/lang/NoSuchMethodError'{0x0000000711aa23f0}: static Lorg/jetbrains/kotlin/gradle/plugin/internal/DefaultConfigurationCacheStartParameterAccessorVariantFactory;.<clinit>()V> (0x0000000711aa23f0) 
thrown [s\open\src\hotspot\share\prims\jni.cpp, line 1111]
Event: 384.542 Thread 0x000001fe6bfd0dd0 Exception <a 'java/lang/IncompatibleClassChangeError'{0x00000007118343e8}: Found class java.lang.Object, but interface was expected> (0x00000007118343e8) 
thrown [s\open\src\hotspot\share\interpreter\linkResolver.cpp, line 863]
Event: 388.143 Thread 0x000001fe6bfd0dd0 Exception <a 'java/lang/NoSuchMethodError'{0x0000000710f1bbc0}: static Ljava/lang/Object;.<clinit>()V> (0x0000000710f1bbc0) 
thrown [s\open\src\hotspot\share\prims\jni.cpp, line 1111]
Event: 388.165 Thread 0x000001fe6bfd0dd0 Exception <a 'java/lang/NoSuchMethodError'{0x0000000710f72fe0}: static Lorg/jetbrains/kotlin/gradle/plugin/statistics/MetricContainer;.<clinit>()V> (0x0000000710f72fe0) 
thrown [s\open\src\hotspot\share\prims\jni.cpp, line 1111]
Event: 413.147 Thread 0x000001fe6bfd0dd0 Exception <a 'sun/nio/fs/WindowsException'{0x000000071195f338}> (0x000000071195f338) 
thrown [s\open\src\hotspot\share\prims\jni.cpp, line 520]
Event: 428.875 Thread 0x000001fe6bfd0dd0 Exception <a 'sun/nio/fs/WindowsException'{0x00000007118a1ac8}> (0x00000007118a1ac8) 
thrown [s\open\src\hotspot\share\prims\jni.cpp, line 520]
Event: 430.197 Thread 0x000001fe6bfd0dd0 Exception <a 'sun/nio/fs/WindowsException'{0x00000007118eeae0}> (0x00000007118eeae0) 
thrown [s\open\src\hotspot\share\prims\jni.cpp, line 520]
Event: 430.202 Thread 0x000001fe6bfd0dd0 Exception <a 'sun/nio/fs/WindowsException'{0x00000007118f0890}> (0x00000007118f0890) 
thrown [s\open\src\hotspot\share\prims\jni.cpp, line 520]
Event: 438.902 Thread 0x000001fe6bfd0dd0 Exception <a 'java/lang/NoSuchMethodError'{0x0000000712d36e18}: 'int java.lang.invoke.DirectMethodHandle$Holder.invokeStaticInit(java.lang.Object, int)'> (0x0000000712d36e18) 
thrown [s\open\src\hotspot\share\interpreter\linkResolver.cpp, line 796]
Event: 456.956 Thread 0x000001fe6bfd0dd0 Exception <a 'java/lang/NoSuchMethodError'{0x000000071d501288}: 'java.lang.Object java.lang.invoke.DirectMethodHandle$Holder.invokeStatic(java.lang.Object, int, java.lang.Object, java.lang.Object, java.lang.Object, java.lang.Object, java.lang.Object)'> (0x000000071d501288) 
thrown [s\open\src\hotspot\share\interpreter\linkResolver.cpp, line 796]
Event: 456.995 Thread 0x000001fe6bfd0dd0 Exception <a 'java/lang/NoSuchMethodError'{0x000000071d50c0f0}: 'java.lang.Object java.lang.invoke.DirectMethodHandle$Holder.newInvokeSpecial(java.lang.Object, int, java.lang.Object, java.lang.Object, java.lang.Object)'> (0x000000071d50c0f0) 
thrown [s\open\src\hotspot\share\interpreter\linkResolver.cpp, line 796]
Event: 457.014 Thread 0x000001fe6bfd0dd0 Exception <a 'java/lang/NoSuchMethodError'{0x000000071d5125c0}: 'java.lang.Object java.lang.invoke.DirectMethodHandle$Holder.invokeSpecial(java.lang.Object, java.lang.Object, int, java.lang.Object, java.lang.Object, java.lang.Object)'> (0x000000071d5125c0) 
thrown [s\open\src\hotspot\share\interpreter\linkResolver.cpp, line 796]
Event: 457.039 Thread 0x000001fe6bfd0dd0 Exception <a 'java/lang/NoSuchMethodError'{0x000000071d52eab0}: 'java.lang.Object java.lang.invoke.DirectMethodHandle$Holder.invokeStatic(java.lang.Object, java.lang.Object, java.lang.Object, int, java.lang.Object, java.lang.Object)'> (0x000000071d52eab0) 
thrown [s\open\src\hotspot\share\interpreter\linkResolver.cpp, line 796]
Event: 458.781 Thread 0x000001fe6bfd0dd0 Implicit null exception at 0x000001fe17a53eb6 to 0x000001fe17a54038
Event: 463.695 Thread 0x000001fe6bfd0dd0 Implicit null exception at 0x000001fe179e2550 to 0x000001fe179e2e1c

VM Operations (20 events):
Event: 454.141 Executing VM operation: HandshakeAllThreads (Deoptimize)
Event: 454.141 Executing VM operation: HandshakeAllThreads (Deoptimize) done
Event: 454.676 Executing VM operation: HandshakeAllThreads (Deoptimize)
Event: 454.677 Executing VM operation: HandshakeAllThreads (Deoptimize) done
Event: 456.181 Executing VM operation: HandshakeAllThreads (Deoptimize)
Event: 456.181 Executing VM operation: HandshakeAllThreads (Deoptimize) done
Event: 456.546 Executing VM operation: HandshakeAllThreads (Deoptimize)
Event: 456.546 Executing VM operation: HandshakeAllThreads (Deoptimize) done
Event: 456.894 Executing VM operation: HandshakeAllThreads (Deoptimize)
Event: 456.894 Executing VM operation: HandshakeAllThreads (Deoptimize) done
Event: 457.091 Executing VM operation: HandshakeAllThreads (Deoptimize)
Event: 457.091 Executing VM operation: HandshakeAllThreads (Deoptimize) done
Event: 457.263 Executing VM operation: HandshakeAllThreads (Deoptimize)
Event: 457.263 Executing VM operation: HandshakeAllThreads (Deoptimize) done
Event: 457.266 Executing VM operation: HandshakeAllThreads (Deoptimize)
Event: 457.266 Executing VM operation: HandshakeAllThreads (Deoptimize) done
Event: 459.081 Executing VM operation: G1CollectForAllocation (G1 Evacuation Pause)
Event: 459.189 Executing VM operation: G1CollectForAllocation (G1 Evacuation Pause) done
Event: 461.279 Executing VM operation: HandshakeAllThreads (Deoptimize)
Event: 461.279 Executing VM operation: HandshakeAllThreads (Deoptimize) done

Memory protections (0 events):
No events

Nmethod flushes (20 events):
Event: 381.212 Thread 0x000001fe25d6a700 flushing  nmethod 0x000001fe100dfa08
Event: 381.212 Thread 0x000001fe25d6a700 flushing  nmethod 0x000001fe101d6c08
Event: 381.212 Thread 0x000001fe25d6a700 flushing  nmethod 0x000001fe106a2388
Event: 381.213 Thread 0x000001fe25d6a700 flushing  nmethod 0x000001fe106d3488
Event: 381.213 Thread 0x000001fe25d6a700 flushing  nmethod 0x000001fe106d7808
Event: 381.213 Thread 0x000001fe25d6a700 flushing  nmethod 0x000001fe106f5188
Event: 381.213 Thread 0x000001fe25d6a700 flushing  nmethod 0x000001fe106f5508
Event: 381.213 Thread 0x000001fe25d6a700 flushing  nmethod 0x000001fe106f5b08
Event: 381.213 Thread 0x000001fe25d6a700 flushing  nmethod 0x000001fe106f6008
Event: 381.213 Thread 0x000001fe25d6a700 flushing  nmethod 0x000001fe106f6708
Event: 381.213 Thread 0x000001fe25d6a700 flushing  nmethod 0x000001fe106f7788
Event: 381.213 Thread 0x000001fe25d6a700 flushing  nmethod 0x000001fe1071da08
Event: 381.213 Thread 0x000001fe25d6a700 flushing  nmethod 0x000001fe1083d408
Event: 381.213 Thread 0x000001fe25d6a700 flushing  nmethod 0x000001fe1083d808
Event: 381.213 Thread 0x000001fe25d6a700 flushing  nmethod 0x000001fe10879308
Event: 381.213 Thread 0x000001fe25d6a700 flushing  nmethod 0x000001fe108a7708
Event: 381.213 Thread 0x000001fe25d6a700 flushing  nmethod 0x000001fe108f3688
Event: 381.213 Thread 0x000001fe25d6a700 flushing  nmethod 0x000001fe10904a08
Event: 381.213 Thread 0x000001fe25d6a700 flushing  nmethod 0x000001fe10904d08
Event: 381.213 Thread 0x000001fe25d6a700 flushing  nmethod 0x000001fe10905688

Events (20 events):
Event: 237.585 Thread 0x000001fe6ca5c640 Thread exited: 0x000001fe6ca5c640
Event: 258.330 Thread 0x000001fe6bfd1af0 Thread added: 0x000001fe885e2d20
Event: 272.483 Thread 0x000001fe6bfd0dd0 Thread added: 0x000001fe885e1970
Event: 272.485 Thread 0x000001fe6bfd0dd0 Thread added: 0x000001fe885e7550
Event: 272.489 Thread 0x000001fe6bfd0dd0 Thread added: 0x000001fe885e12e0
Event: 273.775 Thread 0x000001fe6bfd0dd0 Thread added: 0x000001fe885e8900
Event: 273.784 Thread 0x000001fe6bfd0dd0 Thread added: 0x000001fe885e2000
Event: 273.790 Thread 0x000001fe6bfd0dd0 Thread added: 0x000001fe6ca5c640
Event: 279.975 Thread 0x000001fe6bfd0dd0 Thread added: 0x000001fe89e697c0
Event: 279.982 Thread 0x000001fe6bfd0dd0 Thread added: 0x000001fe89e67060
Event: 279.984 Thread 0x000001fe6bfd0dd0 Thread added: 0x000001fe89e6d2d0
Event: 343.422 Thread 0x000001fe6bfd1af0 Thread added: 0x000001fe8b4f0b10
Event: 343.452 Thread 0x000001fe6bfd1af0 Thread added: 0x000001fe8b4f3f90
Event: 345.360 Thread 0x000001fe6bfd1af0 Thread added: 0x000001fe8b4f3270
Event: 376.975 Thread 0x000001fe6bfd0dd0 Thread added: 0x000001fe8b4f3900
Event: 388.464 Thread 0x000001fe6bfd0dd0 Thread added: 0x000001fe8addaf20
Event: 415.393 Thread 0x000001fe6bfd0dd0 Thread added: 0x000001fe8add6060
Event: 417.006 Thread 0x000001fe8b4f3f90 Thread exited: 0x000001fe8b4f3f90
Event: 417.542 Thread 0x000001fe885e2d20 Thread exited: 0x000001fe885e2d20
Event: 418.653 Thread 0x000001fe8b4f3270 Thread exited: 0x000001fe8b4f3270


Dynamic libraries:
0x00007ff7b77e0000 - 0x00007ff7b77f0000 	C:\Program Files\Java\jdk-23\bin\java.exe
0x00007ff9bd9a0000 - 0x00007ff9bdba9000 	C:\Windows\SYSTEM32\ntdll.dll
0x00007ff9bc700000 - 0x00007ff9bc7bd000 	C:\Windows\System32\KERNEL32.DLL
0x00007ff9baeb0000 - 0x00007ff9bb234000 	C:\Windows\System32\KERNELBASE.dll
0x00007ff9bb4f0000 - 0x00007ff9bb601000 	C:\Windows\System32\ucrtbase.dll
0x00007ff9a7ff0000 - 0x00007ff9a8007000 	C:\Program Files\Java\jdk-23\bin\jli.dll
0x00007ff9bd6c0000 - 0x00007ff9bd86d000 	C:\Windows\System32\USER32.dll
0x00007ff9bb2e0000 - 0x00007ff9bb306000 	C:\Windows\System32\win32u.dll
0x00007ff9bcb40000 - 0x00007ff9bcb6a000 	C:\Windows\System32\GDI32.dll
0x00007ff9bb610000 - 0x00007ff9bb72e000 	C:\Windows\System32\gdi32full.dll
0x00007ff9bb240000 - 0x00007ff9bb2dd000 	C:\Windows\System32\msvcp_win.dll
0x00007ff9a78a0000 - 0x00007ff9a7b45000 	C:\Windows\WinSxS\amd64_microsoft.windows.common-controls_6595b64144ccf1df_6.0.22000.120_none_9d947278b86cc467\COMCTL32.dll
0x00007ff9bcb70000 - 0x00007ff9bcc13000 	C:\Windows\System32\msvcrt.dll
0x00007ff9a7de0000 - 0x00007ff9a7dfb000 	C:\Program Files\Java\jdk-23\bin\VCRUNTIME140.dll
0x00007ff9bd1d0000 - 0x00007ff9bd201000 	C:\Windows\System32\IMM32.DLL
0x00007ff9a9ed0000 - 0x00007ff9a9edc000 	C:\Program Files\Java\jdk-23\bin\vcruntime140_1.dll
0x00007ff991630000 - 0x00007ff9916be000 	C:\Program Files\Java\jdk-23\bin\msvcp140.dll
0x00007ff976e40000 - 0x00007ff977b8f000 	C:\Program Files\Java\jdk-23\bin\server\jvm.dll
0x00007ff9bc520000 - 0x00007ff9bc5ce000 	C:\Windows\System32\ADVAPI32.dll
0x00007ff9bd400000 - 0x00007ff9bd49e000 	C:\Windows\System32\sechost.dll
0x00007ff9bd4a0000 - 0x00007ff9bd5c1000 	C:\Windows\System32\RPCRT4.dll
0x00007ff9bd160000 - 0x00007ff9bd1cf000 	C:\Windows\System32\WS2_32.dll
0x00007ff9bad00000 - 0x00007ff9bad4d000 	C:\Windows\SYSTEM32\POWRPROF.dll
0x00007ff9b5610000 - 0x00007ff9b5643000 	C:\Windows\SYSTEM32\WINMM.dll
0x00007ff9b5600000 - 0x00007ff9b560a000 	C:\Windows\SYSTEM32\VERSION.dll
0x00007ff9bace0000 - 0x00007ff9bacf3000 	C:\Windows\SYSTEM32\UMPDC.dll
0x00007ff9b9e60000 - 0x00007ff9b9e78000 	C:\Windows\SYSTEM32\kernel.appcore.dll
0x00007ff9a9d00000 - 0x00007ff9a9d0a000 	C:\Program Files\Java\jdk-23\bin\jimage.dll
0x00007ff9b88d0000 - 0x00007ff9b8af1000 	C:\Windows\SYSTEM32\DBGHELP.DLL
0x00007ff9a5690000 - 0x00007ff9a56c1000 	C:\Windows\SYSTEM32\dbgcore.DLL
0x00007ff9bae30000 - 0x00007ff9baeaf000 	C:\Windows\System32\bcryptPrimitives.dll
0x00007ff9a99a0000 - 0x00007ff9a99af000 	C:\Program Files\Java\jdk-23\bin\instrument.dll
0x00007ff9a2610000 - 0x00007ff9a262e000 	C:\Program Files\Java\jdk-23\bin\java.dll
0x00007ff9bcc30000 - 0x00007ff9bcdca000 	C:\Windows\System32\ole32.dll
0x00007ff9bc7c0000 - 0x00007ff9bcb36000 	C:\Windows\System32\combase.dll
0x00007ff9bbce0000 - 0x00007ff9bc4a5000 	C:\Windows\System32\SHELL32.dll
0x00007ff9b8ec0000 - 0x00007ff9b9722000 	C:\Windows\SYSTEM32\windows.storage.dll
0x00007ff9b8d50000 - 0x00007ff9b8eb7000 	C:\Windows\SYSTEM32\wintypes.dll
0x00007ff9bd5d0000 - 0x00007ff9bd6ba000 	C:\Windows\System32\SHCORE.dll
0x00007ff9bc6a0000 - 0x00007ff9bc6fd000 	C:\Windows\System32\shlwapi.dll
0x00007ff9bad60000 - 0x00007ff9bad85000 	C:\Windows\SYSTEM32\profapi.dll
0x00007ff983750000 - 0x00007ff983827000 	C:\Program Files\Java\jdk-23\bin\jsvml.dll
0x00007ff9a2520000 - 0x00007ff9a2537000 	C:\Program Files\Java\jdk-23\bin\zip.dll
0x00007ff9a97f0000 - 0x00007ff9a9800000 	C:\Program Files\Java\jdk-23\bin\net.dll
0x00007ff9ba310000 - 0x00007ff9ba377000 	C:\Windows\system32\mswsock.dll
0x00007ff9a2500000 - 0x00007ff9a2516000 	C:\Program Files\Java\jdk-23\bin\nio.dll
0x00007ff9a9730000 - 0x00007ff9a9740000 	C:\Program Files\Java\jdk-23\bin\verify.dll
0x00007ff9a2c40000 - 0x00007ff9a2c67000 	C:\Users\next\.gradle\native\660c5614fbf4a5f2a75b1949f50a0caf5cd603558e7d8a26e50b933a0cfb79d1\windows-amd64\native-platform.dll
0x00007ff99e7f0000 - 0x00007ff99e867000 	C:\Users\next\.gradle\native\0.2.8\x86_64-windows-gnu\gradle-fileevents.dll
0x00007ff9a8c60000 - 0x00007ff9a8c6a000 	C:\Program Files\Java\jdk-23\bin\management.dll
0x00007ff9a8440000 - 0x00007ff9a844b000 	C:\Program Files\Java\jdk-23\bin\management_ext.dll
0x00007ff9bcc20000 - 0x00007ff9bcc28000 	C:\Windows\System32\PSAPI.DLL
0x00007ff9b9980000 - 0x00007ff9b99ad000 	C:\Windows\SYSTEM32\IPHLPAPI.DLL
0x00007ff9bcf00000 - 0x00007ff9bcf09000 	C:\Windows\System32\NSI.dll
0x00007ff9a7f90000 - 0x00007ff9a7f99000 	C:\Program Files\Java\jdk-23\bin\extnet.dll
0x00007ff9ba540000 - 0x00007ff9ba558000 	C:\Windows\SYSTEM32\CRYPTSP.dll
0x00007ff9b9dc0000 - 0x00007ff9b9df5000 	C:\Windows\system32\rsaenh.dll
0x00007ff9ba3e0000 - 0x00007ff9ba40c000 	C:\Windows\SYSTEM32\USERENV.dll
0x00007ff9ba710000 - 0x00007ff9ba737000 	C:\Windows\SYSTEM32\bcrypt.dll
0x00007ff9ba560000 - 0x00007ff9ba56c000 	C:\Windows\SYSTEM32\CRYPTBASE.dll
0x00007ff9a7d60000 - 0x00007ff9a7d6e000 	C:\Program Files\Java\jdk-23\bin\sunmscapi.dll
0x00007ff9bb310000 - 0x00007ff9bb472000 	C:\Windows\System32\CRYPT32.dll
0x00007ff9ba6e0000 - 0x00007ff9ba708000 	C:\Windows\SYSTEM32\ncrypt.dll
0x00007ff9ba6a0000 - 0x00007ff9ba6d7000 	C:\Windows\SYSTEM32\NTASN1.dll
0x00007ff9b7f10000 - 0x00007ff9b7f18000 	C:\Windows\system32\wshunix.dll

dbghelp: loaded successfully - version: 4.0.5 - missing functions: none
symbol engine: initialized successfully - sym options: 0x614 - pdb path: .;C:\Program Files\Java\jdk-23\bin;C:\Windows\SYSTEM32;C:\Windows\WinSxS\amd64_microsoft.windows.common-controls_6595b64144ccf1df_6.0.22000.120_none_9d947278b86cc467;C:\Program Files\Java\jdk-23\bin\server;C:\Users\next\.gradle\native\660c5614fbf4a5f2a75b1949f50a0caf5cd603558e7d8a26e50b933a0cfb79d1\windows-amd64;C:\Users\next\.gradle\native\0.2.8\x86_64-windows-gnu

VM Arguments:
jvm_args: --add-opens=java.base/java.lang=ALL-UNNAMED --add-opens=java.base/java.lang.invoke=ALL-UNNAMED --add-opens=java.base/java.util=ALL-UNNAMED --add-opens=java.prefs/java.util.prefs=ALL-UNNAMED --add-exports=jdk.compiler/com.sun.tools.javac.api=ALL-UNNAMED --add-exports=jdk.compiler/com.sun.tools.javac.util=ALL-UNNAMED --add-opens=java.base/java.util=ALL-UNNAMED --add-opens=java.prefs/java.util.prefs=ALL-UNNAMED --add-opens=java.base/java.nio.charset=ALL-UNNAMED --add-opens=java.base/java.net=ALL-UNNAMED --add-opens=java.base/java.util.concurrent=ALL-UNNAMED --add-opens=java.base/java.util.concurrent.atomic=ALL-UNNAMED --add-opens=java.xml/javax.xml.namespace=ALL-UNNAMED --add-opens=java.base/java.time=ALL-UNNAMED -Xmx4g -Dfile.encoding=UTF-8 -Duser.country=IN -Duser.language=en -Duser.variant -javaagent:C:\Users\next\.gradle\wrapper\dists\gradle-9.3.1-bin\23ovyewtku6u96viwx3xl3oks\gradle-9.3.1\lib\agents\gradle-instrumentation-agent-9.3.1.jar 
java_command: org.gradle.launcher.daemon.bootstrap.GradleDaemon 9.3.1
java_class_path (initial): C:\Users\next\.gradle\wrapper\dists\gradle-9.3.1-bin\23ovyewtku6u96viwx3xl3oks\gradle-9.3.1\lib\gradle-daemon-main-9.3.1.jar
Launcher Type: SUN_STANDARD

[Global flags]
     intx CICompilerCount                          = 3                                         {product} {ergonomic}
     uint ConcGCThreads                            = 1                                         {product} {ergonomic}
     uint G1ConcRefinementThreads                  = 4                                         {product} {ergonomic}
   size_t G1HeapRegionSize                         = 2097152                                   {product} {ergonomic}
   size_t InitialHeapSize                          = 67108864                                  {product} {ergonomic}
   size_t MarkStackSize                            = 4194304                                   {product} {ergonomic}
   size_t MarkStackSizeMax                         = 536870912                                 {product} {ergonomic}
   size_t MaxHeapSize                              = 4294967296                                {product} {command line}
   size_t MaxNewSize                               = 2575302656                                {product} {ergonomic}
   size_t MinHeapDeltaBytes                        = 2097152                                   {product} {ergonomic}
   size_t MinHeapSize                              = 8388608                                   {product} {ergonomic}
    uintx NonNMethodCodeHeapSize                   = 5832704                                {pd product} {ergonomic}
    uintx NonProfiledCodeHeapSize                  = 122945536                              {pd product} {ergonomic}
    uintx ProfiledCodeHeapSize                     = 122880000                              {pd product} {ergonomic}
    uintx ReservedCodeCacheSize                    = 251658240                              {pd product} {ergonomic}
     bool SegmentedCodeCache                       = true                                      {product} {ergonomic}
   size_t SoftMaxHeapSize                          = 4294967296                             {manageable} {ergonomic}
     bool UseCompressedOops                        = true                           {product lp64_product} {ergonomic}
     bool UseG1GC                                  = true                                      {product} {ergonomic}
     bool UseLargePagesIndividualAllocation        = false                                  {pd product} {ergonomic}

Logging:
Log output configuration:
 #0: stdout all=warning uptime,level,tags foldmultilines=false
 #1: stderr all=off uptime,level,tags foldmultilines=false

Environment Variables:
PATH=C:\Python314\Scripts\;C:\Python314\;C:\Program Files\Common Files\Oracle\Java\javapath;C:\Windows\system32;C:\Windows;C:\Windows\System32\Wbem;C:\Windows\System32\WindowsPowerShell\v1.0\;C:\Windows\System32\OpenSSH\;C:\MinGW\bin;C:\MinGW\bin;C:\Program Files\nodejs\;C:\ProgramData\chocolatey\bin;C:\Program Files\Git\cmd;c:\Users\next\OneDrive\Desktop\coding\python\venv\mysql\bin;C:\Users\next\.local\bin;C:\Users\next\.local\bin;;C:\Program Files\Docker\Docker\resources\bin;C:\Users\next\.local\bin;C:\Program Files\MySQL\MySQL Shell 8.0\bin\;C:\Users\next\anaconda3;C:\Users\next\anaconda3\Library\mingw-w64\bin;C:\Users\next\anaconda3\Library\usr\bin;C:\Users\next\anaconda3\Library\bin;C:\Users\next\anaconda3\Scripts;C:\Users\next\AppData\Local\Programs\Python\Python39-32\Scripts\;C:\Users\next\AppData\Local\Programs\Python\Python39-32\;C:\Users\next\AppData\Local\Microsoft\WindowsApps;C:\Users\next\Documents\Microsoft VS Code\bin;C:\Users\next\AppData\Local\GitHubDesktop\bin;C:\Users\next\AppData\Local\Programs\Antigravity\bin;C:\Users\next\AppData\Local\Programs\Kiro\bin;C:\Users\next\AppData\Roaming\npm;C:\Users\next\AppData\Local\Programs\Antigravity IDE\bin
USERNAME=next
OS=Windows_NT
PROCESSOR_IDENTIFIER=Intel64 Family 6 Model 142 Stepping 9, GenuineIntel
TMP=C:\Users\next\AppData\Local\Temp
TEMP=C:\Users\next\AppData\Local\Temp




Periodic native trim disabled

---------------  S Y S T E M  ---------------

OS:
 Windows 11 , 64 bit Build 22000 (10.0.22000.2538)
OS uptime: 47 days 13:02 hours
Hyper-V role detected

CPU: total 4 (initial active 4) (2 cores per cpu, 2 threads per core) family 6 model 142 stepping 9 microcode 0xf0, cx8, cmov, fxsr, ht, mmx, 3dnowpref, sse, sse2, sse3, ssse3, sse4.1, sse4.2, popcnt, lzcnt, tsc, tscinvbit, avx, avx2, aes, erms, clmul, bmi1, bmi2, adx, fma, vzeroupper, clflush, clflushopt, hv, rdtscp, f16c
Processor Information for the first 4 processors :
  Max Mhz: 2401, Current Mhz: 2401, Mhz Limit: 2401

Memory: 4k page, system-wide physical 3998M (83M free)
TotalPageFile size 16286M (AvailPageFile size 10M)
current process WorkingSet (physical memory assigned to process): 151M, peak: 339M
current process commit charge ("private bytes"): 895M, peak: 913M

vm_info: Java HotSpot(TM) 64-Bit Server VM (23+37-2369) for windows-amd64 JRE (23+37-2369), built on 2024-08-20T16:01:23Z with MS VC++ 17.6 (VS2022)

END.
